Component: ARM Compiler 5.06 update 6 (build 750) Tool: armlink [4d35ed]

==============================================================================

Section Cross References

    blinky.o(i.main) refers to led.o(i.LED_Init) for LED_Init
    blinky.o(i.main) refers to adc_mcb1700.o(i.ADC_Initialize) for ADC_Initialize
    blinky.o(i.main) refers to kbd.o(i.KBD_Init) for KBD_Init
    blinky.o(i.main) refers to glcd_spi_lpc1700.o(i.GLCD_Init) for GLCD_Init
    blinky.o(i.main) refers to glcd_spi_lpc1700.o(i.GLCD_Clear) for GLCD_Clear
    blinky.o(i.main) refers to glcd_spi_lpc1700.o(i.GLCD_SetBackColor) for GLCD_SetBackColor
    blinky.o(i.main) refers to glcd_spi_lpc1700.o(i.GLCD_SetTextColor) for GLCD_SetTextColor
    blinky.o(i.main) refers to glcd_spi_lpc1700.o(i.GLCD_DisplayString) for GLCD_DisplayString
    blinky.o(i.main) refers to kbd.o(i.get_button) for get_button
    blinky.o(i.main) refers to printf8.o(i.__0sprintf$8) for __2sprintf
    blinky.o(i.main) refers to led.o(i.LED_Off) for LED_Off
    blinky.o(i.main) refers to glcd_spi_lpc1700.o(i.GLCD_ClearLn) for GLCD_ClearLn
    blinky.o(i.main) refers to led.o(i.LED_On) for LED_On
    blinky.o(i.main) refers to printf8.o(i.__0printf$8) for __2printf
    blinky.o(i.main) refers to blinky.o(.bss) for text
    blinky.o(i.main) refers to irq.o(.data) for clock_ms
    glcd_spi_lpc1700.o(i.GLCD_Bargraph) refers to glcd_spi_lpc1700.o(i.GLCD_SetWindow) for GLCD_SetWindow
    glcd_spi_lpc1700.o(i.GLCD_Bargraph) refers to glcd_spi_lpc1700.o(i.wr_cmd) for wr_cmd
    glcd_spi_lpc1700.o(i.GLCD_Bargraph) refers to glcd_spi_lpc1700.o(i.wr_dat_start) for wr_dat_start
    glcd_spi_lpc1700.o(i.GLCD_Bargraph) refers to glcd_spi_lpc1700.o(i.wr_dat_only) for wr_dat_only
    glcd_spi_lpc1700.o(i.GLCD_Bargraph) refers to glcd_spi_lpc1700.o(i.wr_dat_stop) for wr_dat_stop
    glcd_spi_lpc1700.o(i.GLCD_Bargraph) refers to glcd_spi_lpc1700.o(.data) for Color
    glcd_spi_lpc1700.o(i.GLCD_Bitmap) refers to glcd_spi_lpc1700.o(i.GLCD_SetWindow) for GLCD_SetWindow
    glcd_spi_lpc1700.o(i.GLCD_Bitmap) refers to glcd_spi_lpc1700.o(i.wr_cmd) for wr_cmd
    glcd_spi_lpc1700.o(i.GLCD_Bitmap) refers to glcd_spi_lpc1700.o(i.wr_dat_start) for wr_dat_start
    glcd_spi_lpc1700.o(i.GLCD_Bitmap) refers to glcd_spi_lpc1700.o(i.wr_dat_only) for wr_dat_only
    glcd_spi_lpc1700.o(i.GLCD_Bitmap) refers to glcd_spi_lpc1700.o(i.wr_dat_stop) for wr_dat_stop
    glcd_spi_lpc1700.o(i.GLCD_Clear) refers to glcd_spi_lpc1700.o(i.GLCD_WindowMax) for GLCD_WindowMax
    glcd_spi_lpc1700.o(i.GLCD_Clear) refers to glcd_spi_lpc1700.o(i.wr_cmd) for wr_cmd
    glcd_spi_lpc1700.o(i.GLCD_Clear) refers to glcd_spi_lpc1700.o(i.wr_dat_start) for wr_dat_start
    glcd_spi_lpc1700.o(i.GLCD_Clear) refers to glcd_spi_lpc1700.o(i.wr_dat_only) for wr_dat_only
    glcd_spi_lpc1700.o(i.GLCD_Clear) refers to glcd_spi_lpc1700.o(i.wr_dat_stop) for wr_dat_stop
    glcd_spi_lpc1700.o(i.GLCD_ClearLn) refers to glcd_spi_lpc1700.o(i.GLCD_WindowMax) for GLCD_WindowMax
    glcd_spi_lpc1700.o(i.GLCD_ClearLn) refers to glcd_spi_lpc1700.o(i.GLCD_DisplayString) for GLCD_DisplayString
    glcd_spi_lpc1700.o(i.GLCD_DisplayChar) refers to glcd_spi_lpc1700.o(i.GLCD_DrawChar) for GLCD_DrawChar
    glcd_spi_lpc1700.o(i.GLCD_DisplayChar) refers to glcd_spi_lpc1700.o(.constdata) for Font_6x8_h
    glcd_spi_lpc1700.o(i.GLCD_DisplayString) refers to glcd_spi_lpc1700.o(i.GLCD_DisplayChar) for GLCD_DisplayChar
    glcd_spi_lpc1700.o(i.GLCD_DrawChar) refers to glcd_spi_lpc1700.o(i.GLCD_SetWindow) for GLCD_SetWindow
    glcd_spi_lpc1700.o(i.GLCD_DrawChar) refers to glcd_spi_lpc1700.o(i.wr_cmd) for wr_cmd
    glcd_spi_lpc1700.o(i.GLCD_DrawChar) refers to glcd_spi_lpc1700.o(i.wr_dat_start) for wr_dat_start
    glcd_spi_lpc1700.o(i.GLCD_DrawChar) refers to glcd_spi_lpc1700.o(i.wr_dat_only) for wr_dat_only
    glcd_spi_lpc1700.o(i.GLCD_DrawChar) refers to glcd_spi_lpc1700.o(i.wr_dat_stop) for wr_dat_stop
    glcd_spi_lpc1700.o(i.GLCD_DrawChar) refers to glcd_spi_lpc1700.o(.data) for Color
    glcd_spi_lpc1700.o(i.GLCD_Init) refers to glcd_spi_lpc1700.o(i.rd_id_man) for rd_id_man
    glcd_spi_lpc1700.o(i.GLCD_Init) refers to glcd_spi_lpc1700.o(i.rd_reg) for rd_reg
    glcd_spi_lpc1700.o(i.GLCD_Init) refers to glcd_spi_lpc1700.o(i.wr_reg) for wr_reg
    glcd_spi_lpc1700.o(i.GLCD_Init) refers to glcd_spi_lpc1700.o(i.delay) for delay
    glcd_spi_lpc1700.o(i.GLCD_Init) refers to glcd_spi_lpc1700.o(.data) for Himax
    glcd_spi_lpc1700.o(i.GLCD_PutPixel) refers to glcd_spi_lpc1700.o(i.wr_reg) for wr_reg
    glcd_spi_lpc1700.o(i.GLCD_PutPixel) refers to glcd_spi_lpc1700.o(i.wr_cmd) for wr_cmd
    glcd_spi_lpc1700.o(i.GLCD_PutPixel) refers to glcd_spi_lpc1700.o(i.wr_dat) for wr_dat
    glcd_spi_lpc1700.o(i.GLCD_PutPixel) refers to glcd_spi_lpc1700.o(.data) for Himax
    glcd_spi_lpc1700.o(i.GLCD_SetBackColor) refers to glcd_spi_lpc1700.o(.data) for Color
    glcd_spi_lpc1700.o(i.GLCD_SetTextColor) refers to glcd_spi_lpc1700.o(.data) for Color
    glcd_spi_lpc1700.o(i.GLCD_SetWindow) refers to glcd_spi_lpc1700.o(i.wr_reg) for wr_reg
    glcd_spi_lpc1700.o(i.GLCD_SetWindow) refers to glcd_spi_lpc1700.o(.data) for Himax
    glcd_spi_lpc1700.o(i.GLCD_WindowMax) refers to glcd_spi_lpc1700.o(i.GLCD_SetWindow) for GLCD_SetWindow
    glcd_spi_lpc1700.o(i.GLCD_WrCmd) refers to glcd_spi_lpc1700.o(i.wr_cmd) for wr_cmd
    glcd_spi_lpc1700.o(i.GLCD_WrReg) refers to glcd_spi_lpc1700.o(i.wr_reg) for wr_reg
    glcd_spi_lpc1700.o(i.rd_id_man) refers to glcd_spi_lpc1700.o(i.spi_tran_man) for spi_tran_man
    glcd_spi_lpc1700.o(i.rd_reg) refers to glcd_spi_lpc1700.o(i.wr_cmd) for wr_cmd
    glcd_spi_lpc1700.o(i.rd_reg) refers to glcd_spi_lpc1700.o(i.spi_tran) for spi_tran
    glcd_spi_lpc1700.o(i.spi_tran_man) refers to glcd_spi_lpc1700.o(i.delay) for delay
    glcd_spi_lpc1700.o(i.wr_cmd) refers to glcd_spi_lpc1700.o(i.spi_tran) for spi_tran
    glcd_spi_lpc1700.o(i.wr_dat) refers to glcd_spi_lpc1700.o(i.spi_tran) for spi_tran
    glcd_spi_lpc1700.o(i.wr_dat_only) refers to glcd_spi_lpc1700.o(i.spi_tran) for spi_tran
    glcd_spi_lpc1700.o(i.wr_dat_start) refers to glcd_spi_lpc1700.o(i.spi_tran) for spi_tran
    glcd_spi_lpc1700.o(i.wr_reg) refers to glcd_spi_lpc1700.o(i.wr_cmd) for wr_cmd
    glcd_spi_lpc1700.o(i.wr_reg) refers to glcd_spi_lpc1700.o(i.wr_dat) for wr_dat
    irq.o(i.SysTick_Handler1) refers to led.o(i.LED_Out) for LED_Out
    irq.o(i.SysTick_Handler1) refers to adc_mcb1700.o(i.ADC_StartConversion) for ADC_StartConversion
    irq.o(i.SysTick_Handler1) refers to irq.o(.data) for ticks
    irq.o(i.SysTick_Handler1) refers to blinky.o(.data) for ADC_last
    led.o(i.LED_Off) refers to led.o(.constdata) for led_mask
    led.o(i.LED_On) refers to led.o(.constdata) for led_mask
    led.o(i.LED_Out) refers to led.o(i.LED_On) for LED_On
    led.o(i.LED_Out) refers to led.o(i.LED_Off) for LED_Off
    kbd.o(i.get_button) refers to kbd.o(i.KBD_get) for KBD_get
    adc_mcb1700.o(i.ADC_ConversionDone) refers to adc_mcb1700.o(.data) for AD_done
    adc_mcb1700.o(i.ADC_GetValue) refers to adc_mcb1700.o(.data) for AD_done
    adc_mcb1700.o(i.ADC_IRQHandler) refers to adc_mcb1700.o(.data) for AD_last
    adc_mcb1700.o(i.ADC_Initialize) refers to pin_lpc17xx.o(i.PIN_Configure) for PIN_Configure
    adc_mcb1700.o(i.ADC_Initialize) refers to adc_mcb1700.o(.constdata) for ADC_PIN
    adc_mcb1700.o(i.ADC_Uninitialize) refers to pin_lpc17xx.o(i.PIN_Configure) for PIN_Configure
    adc_mcb1700.o(i.ADC_Uninitialize) refers to adc_mcb1700.o(.constdata) for ADC_PIN
    joystick_mcb1700.o(i.Joystick_GetState) refers to gpio_lpc17xx.o(i.GPIO_PinRead) for GPIO_PinRead
    joystick_mcb1700.o(i.Joystick_GetState) refers to joystick_mcb1700.o(.constdata) for JOYSTICK_PIN
    joystick_mcb1700.o(i.Joystick_Initialize) refers to gpio_lpc17xx.o(i.GPIO_PortClock) for GPIO_PortClock
    joystick_mcb1700.o(i.Joystick_Initialize) refers to pin_lpc17xx.o(i.PIN_Configure) for PIN_Configure
    joystick_mcb1700.o(i.Joystick_Initialize) refers to gpio_lpc17xx.o(i.GPIO_SetDir) for GPIO_SetDir
    joystick_mcb1700.o(i.Joystick_Initialize) refers to joystick_mcb1700.o(.constdata) for JOYSTICK_PIN
    joystick_mcb1700.o(i.Joystick_Uninitialize) refers to pin_lpc17xx.o(i.PIN_Configure) for PIN_Configure
    joystick_mcb1700.o(i.Joystick_Uninitialize) refers to joystick_mcb1700.o(.constdata) for JOYSTICK_PIN
    retarget_io.o(i.ITM_ReceiveChar) refers to retarget_io.o(.data) for ITM_RxBuffer
    retarget_io.o(i.__aeabi_assert) refers to fputs.o(i.fputs) for fputs
    retarget_io.o(i.__aeabi_assert) refers to retarget_io.o(i.abort) for abort
    retarget_io.o(i.__aeabi_assert) refers to stderr.o(.data) for __stderr
    retarget_io.o(i.fputc) refers to retarget_io.o(i.stdout_putchar) for stdout_putchar
    retarget_io.o(i.fputc) refers to blinky.o(.data) for __stdout
    retarget_io.o(i.stdout_putchar) refers to retarget_io.o(i.ITM_SendChar) for ITM_SendChar
    startup_lpc17xx.o(RESET) refers to startup_lpc17xx.o(STACK) for __initial_sp
    startup_lpc17xx.o(RESET) refers to startup_lpc17xx.o(.text) for Reset_Handler
    startup_lpc17xx.o(RESET) refers to adc_mcb1700.o(i.ADC_IRQHandler) for ADC_IRQHandler
    startup_lpc17xx.o(.text) refers to system_lpc17xx.o(i.SystemInit) for SystemInit
    startup_lpc17xx.o(.text) refers to entry.o(.ARM.Collect$$$$00000000) for __main
    system_lpc17xx.o(i.SystemCoreClockUpdate) refers to uldiv.o(.text) for __aeabi_uldivmod
    system_lpc17xx.o(i.SystemCoreClockUpdate) refers to system_lpc17xx.o(.data) for SystemCoreClock
    entry.o(.ARM.Collect$$$$00000000) refers (Special) to entry10a.o(.ARM.Collect$$$$0000000D) for __rt_final_cpp
    entry.o(.ARM.Collect$$$$00000000) refers (Special) to entry11a.o(.ARM.Collect$$$$0000000F) for __rt_final_exit
    entry.o(.ARM.Collect$$$$00000000) refers (Special) to entry7b.o(.ARM.Collect$$$$00000008) for _main_clock
    entry.o(.ARM.Collect$$$$00000000) refers (Special) to entry8b.o(.ARM.Collect$$$$0000000A) for _main_cpp_init
    entry.o(.ARM.Collect$$$$00000000) refers (Special) to entry9a.o(.ARM.Collect$$$$0000000B) for _main_init
    entry.o(.ARM.Collect$$$$00000000) refers (Special) to entry5.o(.ARM.Collect$$$$00000004) for _main_scatterload
    entry.o(.ARM.Collect$$$$00000000) refers (Special) to entry2.o(.ARM.Collect$$$$00000001) for _main_stk
    fputs.o(i.fputs) refers to blinky.o(i.fputc) for fputc
    fputs_e.o(.text) refers to blinky.o(i.fputc) for fputc
    uldiv.o(.text) refers to llushr.o(.text) for __aeabi_llsr
    uldiv.o(.text) refers to llshl.o(.text) for __aeabi_llsl
    printfb.o(i.__0fprintf$bare) refers to printfb.o(i._printf_core) for _printf_core
    printfb.o(i.__0fprintf$bare) refers to blinky.o(i.fputc) for fputc
    printfb.o(i.__0printf$bare) refers to printfb.o(i._printf_core) for _printf_core
    printfb.o(i.__0printf$bare) refers to blinky.o(i.fputc) for fputc
    printfb.o(i.__0printf$bare) refers to blinky.o(.data) for __stdout
    printfb.o(i.__0snprintf$bare) refers to printfb.o(i._printf_core) for _printf_core
    printfb.o(i.__0snprintf$bare) refers to printfb.o(i._snputc) for _snputc
    printfb.o(i.__0sprintf$bare) refers to printfb.o(i._printf_core) for _printf_core
    printfb.o(i.__0sprintf$bare) refers to printfb.o(i._sputc) for _sputc
    printfb.o(i.__0vfprintf$bare) refers to printfb.o(i._printf_core) for _printf_core
    printfb.o(i.__0vfprintf$bare) refers to blinky.o(i.fputc) for fputc
    printfb.o(i.__0vprintf$bare) refers to printfb.o(i._printf_core) for _printf_core
    printfb.o(i.__0vprintf$bare) refers to blinky.o(i.fputc) for fputc
    printfb.o(i.__0vprintf$bare) refers to blinky.o(.data) for __stdout
    printfb.o(i.__0vsnprintf$bare) refers to printfb.o(i._printf_core) for _printf_core
    printfb.o(i.__0vsnprintf$bare) refers to printfb.o(i._snputc) for _snputc
    printfb.o(i.__0vsprintf$bare) refers to printfb.o(i._printf_core) for _printf_core
    printfb.o(i.__0vsprintf$bare) refers to printfb.o(i._sputc) for _sputc
    printf0.o(i.__0fprintf$0) refers to printf0.o(i._printf_core) for _printf_core
    printf0.o(i.__0fprintf$0) refers to blinky.o(i.fputc) for fputc
    printf0.o(i.__0printf$0) refers to printf0.o(i._printf_core) for _printf_core
    printf0.o(i.__0printf$0) refers to blinky.o(i.fputc) for fputc
    printf0.o(i.__0printf$0) refers to blinky.o(.data) for __stdout
    printf0.o(i.__0snprintf$0) refers to printf0.o(i._printf_core) for _printf_core
    printf0.o(i.__0snprintf$0) refers to printf0.o(i._snputc) for _snputc
    printf0.o(i.__0sprintf$0) refers to printf0.o(i._printf_core) for _printf_core
    printf0.o(i.__0sprintf$0) refers to printf0.o(i._sputc) for _sputc
    printf0.o(i.__0vfprintf$0) refers to printf0.o(i._printf_core) for _printf_core
    printf0.o(i.__0vfprintf$0) refers to blinky.o(i.fputc) for fputc
    printf0.o(i.__0vprintf$0) refers to printf0.o(i._printf_core) for _printf_core
    printf0.o(i.__0vprintf$0) refers to blinky.o(i.fputc) for fputc
    printf0.o(i.__0vprintf$0) refers to blinky.o(.data) for __stdout
    printf0.o(i.__0vsnprintf$0) refers to printf0.o(i._printf_core) for _printf_core
    printf0.o(i.__0vsnprintf$0) refers to printf0.o(i._snputc) for _snputc
    printf0.o(i.__0vsprintf$0) refers to printf0.o(i._printf_core) for _printf_core
    printf0.o(i.__0vsprintf$0) refers to printf0.o(i._sputc) for _sputc
    printf1.o(i.__0fprintf$1) refers to printf1.o(i._printf_core) for _printf_core
    printf1.o(i.__0fprintf$1) refers to blinky.o(i.fputc) for fputc
    printf1.o(i.__0printf$1) refers to printf1.o(i._printf_core) for _printf_core
    printf1.o(i.__0printf$1) refers to blinky.o(i.fputc) for fputc
    printf1.o(i.__0printf$1) refers to blinky.o(.data) for __stdout
    printf1.o(i.__0snprintf$1) refers to printf1.o(i._printf_core) for _printf_core
    printf1.o(i.__0snprintf$1) refers to printf1.o(i._snputc) for _snputc
    printf1.o(i.__0sprintf$1) refers to printf1.o(i._printf_core) for _printf_core
    printf1.o(i.__0sprintf$1) refers to printf1.o(i._sputc) for _sputc
    printf1.o(i.__0vfprintf$1) refers to printf1.o(i._printf_core) for _printf_core
    printf1.o(i.__0vfprintf$1) refers to blinky.o(i.fputc) for fputc
    printf1.o(i.__0vprintf$1) refers to printf1.o(i._printf_core) for _printf_core
    printf1.o(i.__0vprintf$1) refers to blinky.o(i.fputc) for fputc
    printf1.o(i.__0vprintf$1) refers to blinky.o(.data) for __stdout
    printf1.o(i.__0vsnprintf$1) refers to printf1.o(i._printf_core) for _printf_core
    printf1.o(i.__0vsnprintf$1) refers to printf1.o(i._snputc) for _snputc
    printf1.o(i.__0vsprintf$1) refers to printf1.o(i._printf_core) for _printf_core
    printf1.o(i.__0vsprintf$1) refers to printf1.o(i._sputc) for _sputc
    printf1.o(i._printf_core) refers to uidiv.o(.text) for __aeabi_uidivmod
    printf2.o(i.__0fprintf$2) refers to printf2.o(i._printf_core) for _printf_core
    printf2.o(i.__0fprintf$2) refers to blinky.o(i.fputc) for fputc
    printf2.o(i.__0printf$2) refers to printf2.o(i._printf_core) for _printf_core
    printf2.o(i.__0printf$2) refers to blinky.o(i.fputc) for fputc
    printf2.o(i.__0printf$2) refers to blinky.o(.data) for __stdout
    printf2.o(i.__0snprintf$2) refers to printf2.o(i._printf_core) for _printf_core
    printf2.o(i.__0snprintf$2) refers to printf2.o(i._snputc) for _snputc
    printf2.o(i.__0sprintf$2) refers to printf2.o(i._printf_core) for _printf_core
    printf2.o(i.__0sprintf$2) refers to printf2.o(i._sputc) for _sputc
    printf2.o(i.__0vfprintf$2) refers to printf2.o(i._printf_core) for _printf_core
    printf2.o(i.__0vfprintf$2) refers to blinky.o(i.fputc) for fputc
    printf2.o(i.__0vprintf$2) refers to printf2.o(i._printf_core) for _printf_core
    printf2.o(i.__0vprintf$2) refers to blinky.o(i.fputc) for fputc
    printf2.o(i.__0vprintf$2) refers to blinky.o(.data) for __stdout
    printf2.o(i.__0vsnprintf$2) refers to printf2.o(i._printf_core) for _printf_core
    printf2.o(i.__0vsnprintf$2) refers to printf2.o(i._snputc) for _snputc
    printf2.o(i.__0vsprintf$2) refers to printf2.o(i._printf_core) for _printf_core
    printf2.o(i.__0vsprintf$2) refers to printf2.o(i._sputc) for _sputc
    printf3.o(i.__0fprintf$3) refers to printf3.o(i._printf_core) for _printf_core
    printf3.o(i.__0fprintf$3) refers to blinky.o(i.fputc) for fputc
    printf3.o(i.__0printf$3) refers to printf3.o(i._printf_core) for _printf_core
    printf3.o(i.__0printf$3) refers to blinky.o(i.fputc) for fputc
    printf3.o(i.__0printf$3) refers to blinky.o(.data) for __stdout
    printf3.o(i.__0snprintf$3) refers to printf3.o(i._printf_core) for _printf_core
    printf3.o(i.__0snprintf$3) refers to printf3.o(i._snputc) for _snputc
    printf3.o(i.__0sprintf$3) refers to printf3.o(i._printf_core) for _printf_core
    printf3.o(i.__0sprintf$3) refers to printf3.o(i._sputc) for _sputc
    printf3.o(i.__0vfprintf$3) refers to printf3.o(i._printf_core) for _printf_core
    printf3.o(i.__0vfprintf$3) refers to blinky.o(i.fputc) for fputc
    printf3.o(i.__0vprintf$3) refers to printf3.o(i._printf_core) for _printf_core
    printf3.o(i.__0vprintf$3) refers to blinky.o(i.fputc) for fputc
    printf3.o(i.__0vprintf$3) refers to blinky.o(.data) for __stdout
    printf3.o(i.__0vsnprintf$3) refers to printf3.o(i._printf_core) for _printf_core
    printf3.o(i.__0vsnprintf$3) refers to printf3.o(i._snputc) for _snputc
    printf3.o(i.__0vsprintf$3) refers to printf3.o(i._printf_core) for _printf_core
    printf3.o(i.__0vsprintf$3) refers to printf3.o(i._sputc) for _sputc
    printf3.o(i._printf_core) refers to uidiv.o(.text) for __aeabi_uidivmod
    printf4.o(i.__0fprintf$4) refers to printf4.o(i._printf_core) for _printf_core
    printf4.o(i.__0fprintf$4) refers to blinky.o(i.fputc) for fputc
    printf4.o(i.__0printf$4) refers to printf4.o(i._printf_core) for _printf_core
    printf4.o(i.__0printf$4) refers to blinky.o(i.fputc) for fputc
    printf4.o(i.__0printf$4) refers to blinky.o(.data) for __stdout
    printf4.o(i.__0snprintf$4) refers to printf4.o(i._printf_core) for _printf_core
    printf4.o(i.__0snprintf$4) refers to printf4.o(i._snputc) for _snputc
    printf4.o(i.__0sprintf$4) refers to printf4.o(i._printf_core) for _printf_core
    printf4.o(i.__0sprintf$4) refers to printf4.o(i._sputc) for _sputc
    printf4.o(i.__0vfprintf$4) refers to printf4.o(i._printf_core) for _printf_core
    printf4.o(i.__0vfprintf$4) refers to blinky.o(i.fputc) for fputc
    printf4.o(i.__0vprintf$4) refers to printf4.o(i._printf_core) for _printf_core
    printf4.o(i.__0vprintf$4) refers to blinky.o(i.fputc) for fputc
    printf4.o(i.__0vprintf$4) refers to blinky.o(.data) for __stdout
    printf4.o(i.__0vsnprintf$4) refers to printf4.o(i._printf_core) for _printf_core
    printf4.o(i.__0vsnprintf$4) refers to printf4.o(i._snputc) for _snputc
    printf4.o(i.__0vsprintf$4) refers to printf4.o(i._printf_core) for _printf_core
    printf4.o(i.__0vsprintf$4) refers to printf4.o(i._sputc) for _sputc
    printf4.o(i._printf_core) refers to uldiv.o(.text) for __aeabi_uldivmod
    printf5.o(i.__0fprintf$5) refers to printf5.o(i._printf_core) for _printf_core
    printf5.o(i.__0fprintf$5) refers to blinky.o(i.fputc) for fputc
    printf5.o(i.__0printf$5) refers to printf5.o(i._printf_core) for _printf_core
    printf5.o(i.__0printf$5) refers to blinky.o(i.fputc) for fputc
    printf5.o(i.__0printf$5) refers to blinky.o(.data) for __stdout
    printf5.o(i.__0snprintf$5) refers to printf5.o(i._printf_core) for _printf_core
    printf5.o(i.__0snprintf$5) refers to printf5.o(i._snputc) for _snputc
    printf5.o(i.__0sprintf$5) refers to printf5.o(i._printf_core) for _printf_core
    printf5.o(i.__0sprintf$5) refers to printf5.o(i._sputc) for _sputc
    printf5.o(i.__0vfprintf$5) refers to printf5.o(i._printf_core) for _printf_core
    printf5.o(i.__0vfprintf$5) refers to blinky.o(i.fputc) for fputc
    printf5.o(i.__0vprintf$5) refers to printf5.o(i._printf_core) for _printf_core
    printf5.o(i.__0vprintf$5) refers to blinky.o(i.fputc) for fputc
    printf5.o(i.__0vprintf$5) refers to blinky.o(.data) for __stdout
    printf5.o(i.__0vsnprintf$5) refers to printf5.o(i._printf_core) for _printf_core
    printf5.o(i.__0vsnprintf$5) refers to printf5.o(i._snputc) for _snputc
    printf5.o(i.__0vsprintf$5) refers to printf5.o(i._printf_core) for _printf_core
    printf5.o(i.__0vsprintf$5) refers to printf5.o(i._sputc) for _sputc
    printf5.o(i._printf_core) refers to uldiv.o(.text) for __aeabi_uldivmod
    printf6.o(i.__0fprintf$6) refers to printf6.o(i._printf_core) for _printf_core
    printf6.o(i.__0fprintf$6) refers to blinky.o(i.fputc) for fputc
    printf6.o(i.__0printf$6) refers to printf6.o(i._printf_core) for _printf_core
    printf6.o(i.__0printf$6) refers to blinky.o(i.fputc) for fputc
    printf6.o(i.__0printf$6) refers to blinky.o(.data) for __stdout
    printf6.o(i.__0snprintf$6) refers to printf6.o(i._printf_core) for _printf_core
    printf6.o(i.__0snprintf$6) refers to printf6.o(i._snputc) for _snputc
    printf6.o(i.__0sprintf$6) refers to printf6.o(i._printf_core) for _printf_core
    printf6.o(i.__0sprintf$6) refers to printf6.o(i._sputc) for _sputc
    printf6.o(i.__0vfprintf$6) refers to printf6.o(i._printf_core) for _printf_core
    printf6.o(i.__0vfprintf$6) refers to blinky.o(i.fputc) for fputc
    printf6.o(i.__0vprintf$6) refers to printf6.o(i._printf_core) for _printf_core
    printf6.o(i.__0vprintf$6) refers to blinky.o(i.fputc) for fputc
    printf6.o(i.__0vprintf$6) refers to blinky.o(.data) for __stdout
    printf6.o(i.__0vsnprintf$6) refers to printf6.o(i._printf_core) for _printf_core
    printf6.o(i.__0vsnprintf$6) refers to printf6.o(i._snputc) for _snputc
    printf6.o(i.__0vsprintf$6) refers to printf6.o(i._printf_core) for _printf_core
    printf6.o(i.__0vsprintf$6) refers to printf6.o(i._sputc) for _sputc
    printf6.o(i._printf_core) refers to printf6.o(i._printf_pre_padding) for _printf_pre_padding
    printf6.o(i._printf_core) refers to uidiv.o(.text) for __aeabi_uidivmod
    printf6.o(i._printf_core) refers to printf6.o(i._printf_post_padding) for _printf_post_padding
    printf7.o(i.__0fprintf$7) refers to printf7.o(i._printf_core) for _printf_core
    printf7.o(i.__0fprintf$7) refers to blinky.o(i.fputc) for fputc
    printf7.o(i.__0printf$7) refers to printf7.o(i._printf_core) for _printf_core
    printf7.o(i.__0printf$7) refers to blinky.o(i.fputc) for fputc
    printf7.o(i.__0printf$7) refers to blinky.o(.data) for __stdout
    printf7.o(i.__0snprintf$7) refers to printf7.o(i._printf_core) for _printf_core
    printf7.o(i.__0snprintf$7) refers to printf7.o(i._snputc) for _snputc
    printf7.o(i.__0sprintf$7) refers to printf7.o(i._printf_core) for _printf_core
    printf7.o(i.__0sprintf$7) refers to printf7.o(i._sputc) for _sputc
    printf7.o(i.__0vfprintf$7) refers to printf7.o(i._printf_core) for _printf_core
    printf7.o(i.__0vfprintf$7) refers to blinky.o(i.fputc) for fputc
    printf7.o(i.__0vprintf$7) refers to printf7.o(i._printf_core) for _printf_core
    printf7.o(i.__0vprintf$7) refers to blinky.o(i.fputc) for fputc
    printf7.o(i.__0vprintf$7) refers to blinky.o(.data) for __stdout
    printf7.o(i.__0vsnprintf$7) refers to printf7.o(i._printf_core) for _printf_core
    printf7.o(i.__0vsnprintf$7) refers to printf7.o(i._snputc) for _snputc
    printf7.o(i.__0vsprintf$7) refers to printf7.o(i._printf_core) for _printf_core
    printf7.o(i.__0vsprintf$7) refers to printf7.o(i._sputc) for _sputc
    printf7.o(i._printf_core) refers to printf7.o(i._printf_pre_padding) for _printf_pre_padding
    printf7.o(i._printf_core) refers to uldiv.o(.text) for __aeabi_uldivmod
    printf7.o(i._printf_core) refers to printf7.o(i._printf_post_padding) for _printf_post_padding
    printf8.o(i.__0fprintf$8) refers to printf8.o(i._printf_core) for _printf_core
    printf8.o(i.__0fprintf$8) refers to blinky.o(i.fputc) for fputc
    printf8.o(i.__0printf$8) refers to printf8.o(i._printf_core) for _printf_core
    printf8.o(i.__0printf$8) refers to blinky.o(i.fputc) for fputc
    printf8.o(i.__0printf$8) refers to blinky.o(.data) for __stdout
    printf8.o(i.__0snprintf$8) refers to printf8.o(i._printf_core) for _printf_core
    printf8.o(i.__0snprintf$8) refers to printf8.o(i._snputc) for _snputc
    printf8.o(i.__0sprintf$8) refers to printf8.o(i._printf_core) for _printf_core
    printf8.o(i.__0sprintf$8) refers to printf8.o(i._sputc) for _sputc
    printf8.o(i.__0vfprintf$8) refers to printf8.o(i._printf_core) for _printf_core
    printf8.o(i.__0vfprintf$8) refers to blinky.o(i.fputc) for fputc
    printf8.o(i.__0vprintf$8) refers to printf8.o(i._printf_core) for _printf_core
    printf8.o(i.__0vprintf$8) refers to blinky.o(i.fputc) for fputc
    printf8.o(i.__0vprintf$8) refers to blinky.o(.data) for __stdout
    printf8.o(i.__0vsnprintf$8) refers to printf8.o(i._printf_core) for _printf_core
    printf8.o(i.__0vsnprintf$8) refers to printf8.o(i._snputc) for _snputc
    printf8.o(i.__0vsprintf$8) refers to printf8.o(i._printf_core) for _printf_core
    printf8.o(i.__0vsprintf$8) refers to printf8.o(i._sputc) for _sputc
    printf8.o(i._printf_core) refers to printf8.o(i._printf_pre_padding) for _printf_pre_padding
    printf8.o(i._printf_core) refers to uldiv.o(.text) for __aeabi_uldivmod
    printf8.o(i._printf_core) refers to printf8.o(i._printf_post_padding) for _printf_post_padding
    printfa.o(i.__0fprintf) refers (Special) to iusefp.o(.text) for __I$use$fp
    printfa.o(i.__0fprintf) refers to printfa.o(i._printf_core) for _printf_core
    printfa.o(i.__0fprintf) refers to blinky.o(i.fputc) for fputc
    printfa.o(i.__0printf) refers (Special) to iusefp.o(.text) for __I$use$fp
    printfa.o(i.__0printf) refers to printfa.o(i._printf_core) for _printf_core
    printfa.o(i.__0printf) refers to blinky.o(i.fputc) for fputc
    printfa.o(i.__0printf) refers to blinky.o(.data) for __stdout
    printfa.o(i.__0snprintf) refers (Special) to iusefp.o(.text) for __I$use$fp
    printfa.o(i.__0snprintf) refers to printfa.o(i._printf_core) for _printf_core
    printfa.o(i.__0snprintf) refers to printfa.o(i._snputc) for _snputc
    printfa.o(i.__0sprintf) refers (Special) to iusefp.o(.text) for __I$use$fp
    printfa.o(i.__0sprintf) refers to printfa.o(i._printf_core) for _printf_core
    printfa.o(i.__0sprintf) refers to printfa.o(i._sputc) for _sputc
    printfa.o(i.__0vfprintf) refers (Special) to iusefp.o(.text) for __I$use$fp
    printfa.o(i.__0vfprintf) refers to printfa.o(i._printf_core) for _printf_core
    printfa.o(i.__0vfprintf) refers to blinky.o(i.fputc) for fputc
    printfa.o(i.__0vprintf) refers (Special) to iusefp.o(.text) for __I$use$fp
    printfa.o(i.__0vprintf) refers to printfa.o(i._printf_core) for _printf_core
    printfa.o(i.__0vprintf) refers to blinky.o(i.fputc) for fputc
    printfa.o(i.__0vprintf) refers to blinky.o(.data) for __stdout
    printfa.o(i.__0vsnprintf) refers (Special) to iusefp.o(.text) for __I$use$fp
    printfa.o(i.__0vsnprintf) refers to printfa.o(i._printf_core) for _printf_core
    printfa.o(i.__0vsnprintf) refers to printfa.o(i._snputc) for _snputc
    printfa.o(i.__0vsprintf) refers (Special) to iusefp.o(.text) for __I$use$fp
    printfa.o(i.__0vsprintf) refers to printfa.o(i._printf_core) for _printf_core
    printfa.o(i.__0vsprintf) refers to printfa.o(i._sputc) for _sputc
    printfa.o(i._fp_digits) refers (Special) to iusefp.o(.text) for __I$use$fp
    printfa.o(i._fp_digits) refers to dmul.o(.text) for __aeabi_dmul
    printfa.o(i._fp_digits) refers to ddiv.o(.text) for __aeabi_ddiv
    printfa.o(i._fp_digits) refers to cdrcmple.o(.text) for __aeabi_cdrcmple
    printfa.o(i._fp_digits) refers to dadd.o(.text) for __aeabi_dadd
    printfa.o(i._fp_digits) refers to dfixul.o(.text) for __aeabi_d2ulz
    printfa.o(i._fp_digits) refers to uldiv.o(.text) for __aeabi_uldivmod
    printfa.o(i._printf_core) refers (Special) to iusefp.o(.text) for __I$use$fp
    printfa.o(i._printf_core) refers to printfa.o(i._printf_pre_padding) for _printf_pre_padding
    printfa.o(i._printf_core) refers to uldiv.o(.text) for __aeabi_uldivmod
    printfa.o(i._printf_core) refers to printfa.o(i._printf_post_padding) for _printf_post_padding
    printfa.o(i._printf_core) refers to printfa.o(i._fp_digits) for _fp_digits
    printfa.o(i._printf_core) refers to uidiv.o(.text) for __aeabi_uidivmod
    printfa.o(i._printf_post_padding) refers (Special) to iusefp.o(.text) for __I$use$fp
    printfa.o(i._printf_pre_padding) refers (Special) to iusefp.o(.text) for __I$use$fp
    printfa.o(i._snputc) refers (Special) to iusefp.o(.text) for __I$use$fp
    printfa.o(i._sputc) refers (Special) to iusefp.o(.text) for __I$use$fp
    entry2.o(.ARM.Collect$$$$00000001) refers to entry2.o(.ARM.Collect$$$$00002712) for __lit__00000000
    entry2.o(.ARM.Collect$$$$00002712) refers to startup_lpc17xx.o(STACK) for __initial_sp
    entry2.o(__vectab_stack_and_reset_area) refers to startup_lpc17xx.o(STACK) for __initial_sp
    entry2.o(__vectab_stack_and_reset_area) refers to entry.o(.ARM.Collect$$$$00000000) for __main
    entry5.o(.ARM.Collect$$$$00000004) refers to init.o(.text) for __scatterload
    entry9a.o(.ARM.Collect$$$$0000000B) refers to blinky.o(i.main) for main
    entry9b.o(.ARM.Collect$$$$0000000C) refers to blinky.o(i.main) for main
    dadd.o(.text) refers to llshl.o(.text) for __aeabi_llsl
    dadd.o(.text) refers to llsshr.o(.text) for __aeabi_lasr
    dadd.o(.text) refers to depilogue.o(.text) for _double_epilogue
    dmul.o(.text) refers to depilogue.o(.text) for _double_epilogue
    ddiv.o(.text) refers to depilogue.o(.text) for _double_round
    dfixul.o(.text) refers to llushr.o(.text) for __aeabi_llsr
    dfixul.o(.text) refers to llshl.o(.text) for __aeabi_llsl
    init.o(.text) refers to entry5.o(.ARM.Collect$$$$00000004) for __main_after_scatterload
    depilogue.o(.text) refers to llshl.o(.text) for __aeabi_llsl
    depilogue.o(.text) refers to llushr.o(.text) for __aeabi_llsr


==============================================================================

Removing Unused input sections from the image.

    Removing blinky.o(.rev16_text), (4 bytes).
    Removing blinky.o(.revsh_text), (4 bytes).
    Removing blinky.o(.rrx_text), (6 bytes).
    Removing glcd_spi_lpc1700.o(.rev16_text), (4 bytes).
    Removing glcd_spi_lpc1700.o(.revsh_text), (4 bytes).
    Removing glcd_spi_lpc1700.o(.rrx_text), (6 bytes).
    Removing glcd_spi_lpc1700.o(i.GLCD_Bargraph), (104 bytes).
    Removing glcd_spi_lpc1700.o(i.GLCD_Bitmap), (82 bytes).
    Removing glcd_spi_lpc1700.o(i.GLCD_PutPixel), (128 bytes).
    Removing glcd_spi_lpc1700.o(i.GLCD_ScrollVertical), (2 bytes).
    Removing glcd_spi_lpc1700.o(i.GLCD_WrCmd), (12 bytes).
    Removing glcd_spi_lpc1700.o(i.GLCD_WrReg), (16 bytes).
    Removing irq.o(.rev16_text), (4 bytes).
    Removing irq.o(.revsh_text), (4 bytes).
    Removing irq.o(.rrx_text), (6 bytes).
    Removing irq.o(i.SysTick_Handler1), (116 bytes).
    Removing led.o(.rev16_text), (4 bytes).
    Removing led.o(.revsh_text), (4 bytes).
    Removing led.o(.rrx_text), (6 bytes).
    Removing led.o(i.LED_Out), (38 bytes).
    Removing kbd.o(.rev16_text), (4 bytes).
    Removing kbd.o(.revsh_text), (4 bytes).
    Removing kbd.o(.rrx_text), (6 bytes).
    Removing kbd.o(.data), (4 bytes).
    Removing adc_mcb1700.o(.rev16_text), (4 bytes).
    Removing adc_mcb1700.o(.revsh_text), (4 bytes).
    Removing adc_mcb1700.o(.rrx_text), (6 bytes).
    Removing adc_mcb1700.o(i.ADC_ConversionDone), (20 bytes).
    Removing adc_mcb1700.o(i.ADC_GetResolution), (4 bytes).
    Removing adc_mcb1700.o(i.ADC_GetValue), (32 bytes).
    Removing adc_mcb1700.o(i.ADC_StartConversion), (32 bytes).
    Removing adc_mcb1700.o(i.ADC_Uninitialize), (100 bytes).
    Removing joystick_mcb1700.o(.rev16_text), (4 bytes).
    Removing joystick_mcb1700.o(.revsh_text), (4 bytes).
    Removing joystick_mcb1700.o(.rrx_text), (6 bytes).
    Removing joystick_mcb1700.o(i.Joystick_GetState), (92 bytes).
    Removing joystick_mcb1700.o(i.Joystick_Initialize), (72 bytes).
    Removing joystick_mcb1700.o(i.Joystick_Uninitialize), (48 bytes).
    Removing joystick_mcb1700.o(.constdata), (10 bytes).
    Removing retarget_io.o(i.ITM_ReceiveChar), (36 bytes).
    Removing retarget_io.o(i.ITM_SendChar), (48 bytes).
    Removing retarget_io.o(i.__aeabi_assert), (156 bytes).
    Removing retarget_io.o(i.__backspace), (8 bytes).
    Removing retarget_io.o(i.abort), (4 bytes).
    Removing retarget_io.o(i.fgetc), (8 bytes).
    Removing retarget_io.o(i.fputc), (32 bytes).
    Removing retarget_io.o(i.stdout_putchar), (12 bytes).
    Removing retarget_io.o(.data), (4 bytes).
    Removing gpio_lpc17xx.o(.rev16_text), (4 bytes).
    Removing gpio_lpc17xx.o(.revsh_text), (4 bytes).
    Removing gpio_lpc17xx.o(.rrx_text), (6 bytes).
    Removing gpio_lpc17xx.o(i.GPIO_PinRead), (32 bytes).
    Removing gpio_lpc17xx.o(i.GPIO_PinWrite), (40 bytes).
    Removing gpio_lpc17xx.o(i.GPIO_PortClock), (44 bytes).
    Removing gpio_lpc17xx.o(i.GPIO_PortRead), (20 bytes).
    Removing gpio_lpc17xx.o(i.GPIO_PortWrite), (32 bytes).
    Removing gpio_lpc17xx.o(i.GPIO_SetDir), (56 bytes).
    Removing pin_lpc17xx.o(.rev16_text), (4 bytes).
    Removing pin_lpc17xx.o(.revsh_text), (4 bytes).
    Removing pin_lpc17xx.o(.rrx_text), (6 bytes).
    Removing pin_lpc17xx.o(i.PIN_ConfigureI2C0Pins), (32 bytes).
    Removing pin_lpc17xx.o(i.PIN_ConfigureTPIU), (40 bytes).
    Removing startup_lpc17xx.o(HEAP), (0 bytes).
    Removing system_lpc17xx.o(.rev16_text), (4 bytes).
    Removing system_lpc17xx.o(.revsh_text), (4 bytes).
    Removing system_lpc17xx.o(.rrx_text), (6 bytes).
    Removing system_lpc17xx.o(i.SystemCoreClockUpdate), (424 bytes).
    Removing system_lpc17xx.o(.data), (4 bytes).
    Removing dadd.o(.text), (334 bytes).
    Removing dmul.o(.text), (228 bytes).
    Removing ddiv.o(.text), (222 bytes).
    Removing dfixul.o(.text), (48 bytes).
    Removing cdrcmple.o(.text), (48 bytes).
    Removing depilogue.o(.text), (186 bytes).

74 unused section(s) (total 3150 bytes) removed from the image.

==============================================================================

Image Symbol Table

    Local Symbols

    Symbol Name                              Value     Ov Type        Size  Object(Section)

    RESET                                    0x00000000   Section      204  startup_lpc17xx.o(RESET)
    ../clib/microlib/division.c              0x00000000   Number         0  uidiv.o ABSOLUTE
    ../clib/microlib/division.c              0x00000000   Number         0  uldiv.o ABSOLUTE
    ../clib/microlib/init/entry.s            0x00000000   Number         0  entry8b.o ABSOLUTE
    ../clib/microlib/init/entry.s            0x00000000   Number         0  entry9b.o ABSOLUTE
    ../clib/microlib/init/entry.s            0x00000000   Number         0  entry.o ABSOLUTE
    ../clib/microlib/init/entry.s            0x00000000   Number         0  entry9a.o ABSOLUTE
    ../clib/microlib/init/entry.s            0x00000000   Number         0  entry2.o ABSOLUTE
    ../clib/microlib/init/entry.s            0x00000000   Number         0  entry11b.o ABSOLUTE
    ../clib/microlib/init/entry.s            0x00000000   Number         0  entry5.o ABSOLUTE
    ../clib/microlib/init/entry.s            0x00000000   Number         0  entry7a.o ABSOLUTE
    ../clib/microlib/init/entry.s            0x00000000   Number         0  entry7b.o ABSOLUTE
    ../clib/microlib/init/entry.s            0x00000000   Number         0  entry8a.o ABSOLUTE
    ../clib/microlib/init/entry.s            0x00000000   Number         0  entry11a.o ABSOLUTE
    ../clib/microlib/init/entry.s            0x00000000   Number         0  entry10b.o ABSOLUTE
    ../clib/microlib/init/entry.s            0x00000000   Number         0  entry10a.o ABSOLUTE
    ../clib/microlib/longlong.c              0x00000000   Number         0  llsshr.o ABSOLUTE
    ../clib/microlib/longlong.c              0x00000000   Number         0  llushr.o ABSOLUTE
    ../clib/microlib/longlong.c              0x00000000   Number         0  llshl.o ABSOLUTE
    ../clib/microlib/printf/printf.c         0x00000000   Number         0  printf3.o ABSOLUTE
    ../clib/microlib/printf/printf.c         0x00000000   Number         0  printf4.o ABSOLUTE
    ../clib/microlib/printf/printf.c         0x00000000   Number         0  printf5.o ABSOLUTE
    ../clib/microlib/printf/printf.c         0x00000000   Number         0  printf6.o ABSOLUTE
    ../clib/microlib/printf/printf.c         0x00000000   Number         0  printf7.o ABSOLUTE
    ../clib/microlib/printf/printf.c         0x00000000   Number         0  printf8.o ABSOLUTE
    ../clib/microlib/printf/printf.c         0x00000000   Number         0  printfa.o ABSOLUTE
    ../clib/microlib/printf/printf.c         0x00000000   Number         0  printf1.o ABSOLUTE
    ../clib/microlib/printf/printf.c         0x00000000   Number         0  printf0.o ABSOLUTE
    ../clib/microlib/printf/printf.c         0x00000000   Number         0  printfb.o ABSOLUTE
    ../clib/microlib/printf/printf.c         0x00000000   Number         0  printf2.o ABSOLUTE
    ../clib/microlib/printf/stubs.s          0x00000000   Number         0  stubs.o ABSOLUTE
    ../clib/microlib/stdio/fputs.c           0x00000000   Number         0  fputs.o ABSOLUTE
    ../clib/microlib/stdio/fputs.c           0x00000000   Number         0  fputs_e.o ABSOLUTE
    ../clib/microlib/stdio/streams.c         0x00000000   Number         0  stderr.o ABSOLUTE
    ../clib/microlib/stubs.s                 0x00000000   Number         0  iusefp.o ABSOLUTE
    ../fplib/microlib/fpadd.c                0x00000000   Number         0  dadd.o ABSOLUTE
    ../fplib/microlib/fpdiv.c                0x00000000   Number         0  ddiv.o ABSOLUTE
    ../fplib/microlib/fpepilogue.c           0x00000000   Number         0  depilogue.o ABSOLUTE
    ../fplib/microlib/fpfix.c                0x00000000   Number         0  dfixul.o ABSOLUTE
    ../fplib/microlib/fpmul.c                0x00000000   Number         0  dmul.o ABSOLUTE
    Blinky.c                                 0x00000000   Number         0  blinky.o ABSOLUTE
    Blinky.c                                 0x00000000   Number         0  blinky.o ABSOLUTE
    C:\Users\ECBME\AppData\Local\Arm\Packs\Keil\ARM_Compiler\1.6.3\Source\retarget_io.c 0x00000000   Number         0  retarget_io.o ABSOLUTE
    C:\Users\ECBME\AppData\Local\Arm\Packs\Keil\LPC1700_DFP\2.6.0\Boards\Keil\MCB1700\Common\ADC_MCB1700.c 0x00000000   Number         0  adc_mcb1700.o ABSOLUTE
    C:\Users\ECBME\AppData\Local\Arm\Packs\Keil\LPC1700_DFP\2.6.0\Boards\Keil\MCB1700\Common\Joystick_MCB1700.c 0x00000000   Number         0  joystick_mcb1700.o ABSOLUTE
    C:\Users\ECBME\AppData\Local\Arm\Packs\Keil\LPC1700_DFP\2.6.0\RTE_Driver\GPIO_LPC17xx.c 0x00000000   Number         0  gpio_lpc17xx.o ABSOLUTE
    C:\Users\ECBME\AppData\Local\Arm\Packs\Keil\LPC1700_DFP\2.6.0\RTE_Driver\PIN_LPC17xx.c 0x00000000   Number         0  pin_lpc17xx.o ABSOLUTE
    C:\\Users\\ECBME\\AppData\\Local\\Arm\\Packs\\Keil\\LPC1700_DFP\\2.6.0\\Boards\\Keil\\MCB1700\\Common\\ADC_MCB1700.c 0x00000000   Number         0  adc_mcb1700.o ABSOLUTE
    C:\\Users\\ECBME\\AppData\\Local\\Arm\\Packs\\Keil\\LPC1700_DFP\\2.6.0\\Boards\\Keil\\MCB1700\\Common\\Joystick_MCB1700.c 0x00000000   Number         0  joystick_mcb1700.o ABSOLUTE
    C:\\Users\\ECBME\\AppData\\Local\\Arm\\Packs\\Keil\\LPC1700_DFP\\2.6.0\\RTE_Driver\\GPIO_LPC17xx.c 0x00000000   Number         0  gpio_lpc17xx.o ABSOLUTE
    C:\\Users\\ECBME\\AppData\\Local\\Arm\\Packs\\Keil\\LPC1700_DFP\\2.6.0\\RTE_Driver\\PIN_LPC17xx.c 0x00000000   Number         0  pin_lpc17xx.o ABSOLUTE
    GLCD_SPI_LPC1700.c                       0x00000000   Number         0  glcd_spi_lpc1700.o ABSOLUTE
    GLCD_SPI_LPC1700.c                       0x00000000   Number         0  glcd_spi_lpc1700.o ABSOLUTE
    IRQ.c                                    0x00000000   Number         0  irq.o ABSOLUTE
    IRQ.c                                    0x00000000   Number         0  irq.o ABSOLUTE
    KBD.c                                    0x00000000   Number         0  kbd.o ABSOLUTE
    KBD.c                                    0x00000000   Number         0  kbd.o ABSOLUTE
    LED.c                                    0x00000000   Number         0  led.o ABSOLUTE
    LED.c                                    0x00000000   Number         0  led.o ABSOLUTE
    RTE\Device\LPC1768\startup_LPC17xx.s     0x00000000   Number         0  startup_lpc17xx.o ABSOLUTE
    RTE\Device\LPC1768\system_LPC17xx.c      0x00000000   Number         0  system_lpc17xx.o ABSOLUTE
    RTE\\Device\\LPC1768\\system_LPC17xx.c   0x00000000   Number         0  system_lpc17xx.o ABSOLUTE
    cdrcmple.s                               0x00000000   Number         0  cdrcmple.o ABSOLUTE
    dc.s                                     0x00000000   Number         0  dc.o ABSOLUTE
    handlers.s                               0x00000000   Number         0  handlers.o ABSOLUTE
    init.s                                   0x00000000   Number         0  init.o ABSOLUTE
    .ARM.Collect$$$$00000000                 0x000000cc   Section        0  entry.o(.ARM.Collect$$$$00000000)
    .ARM.Collect$$$$00000001                 0x000000cc   Section        4  entry2.o(.ARM.Collect$$$$00000001)
    .ARM.Collect$$$$00000004                 0x000000d0   Section        4  entry5.o(.ARM.Collect$$$$00000004)
    .ARM.Collect$$$$00000008                 0x000000d4   Section        0  entry7b.o(.ARM.Collect$$$$00000008)
    .ARM.Collect$$$$0000000A                 0x000000d4   Section        0  entry8b.o(.ARM.Collect$$$$0000000A)
    .ARM.Collect$$$$0000000B                 0x000000d4   Section        8  entry9a.o(.ARM.Collect$$$$0000000B)
    .ARM.Collect$$$$0000000D                 0x000000dc   Section        0  entry10a.o(.ARM.Collect$$$$0000000D)
    .ARM.Collect$$$$0000000F                 0x000000dc   Section        0  entry11a.o(.ARM.Collect$$$$0000000F)
    .ARM.Collect$$$$00002712                 0x000000dc   Section        4  entry2.o(.ARM.Collect$$$$00002712)
    __lit__00000000                          0x000000dc   Data           4  entry2.o(.ARM.Collect$$$$00002712)
    .text                                    0x000000e0   Section       36  startup_lpc17xx.o(.text)
    .text                                    0x00000104   Section        0  uldiv.o(.text)
    .text                                    0x00000166   Section        0  llshl.o(.text)
    .text                                    0x00000184   Section        0  llushr.o(.text)
    .text                                    0x000001a4   Section       36  init.o(.text)
    i.ADC_IRQHandler                         0x000001c8   Section        0  adc_mcb1700.o(i.ADC_IRQHandler)
    i.ADC_Initialize                         0x000001f0   Section        0  adc_mcb1700.o(i.ADC_Initialize)
    i.GLCD_Clear                             0x00000258   Section        0  glcd_spi_lpc1700.o(i.GLCD_Clear)
    i.GLCD_ClearLn                           0x00000282   Section        0  glcd_spi_lpc1700.o(i.GLCD_ClearLn)
    i.GLCD_SetBackColor                      0x000002e0   Section        0  glcd_spi_lpc1700.o(i.GLCD_SetBackColor)
    i.GLCD_SetTextColor                      0x000002ec   Section        0  glcd_spi_lpc1700.o(i.GLCD_SetTextColor)
    i.__scatterload_null                     0x000002f8   Section        2  handlers.o(i.__scatterload_null)
    .constdata                               0x000002fa   Section        2  adc_mcb1700.o(.constdata)
    .ARM.__at_0x02FC                         0x000002fc   Section        4  startup_lpc17xx.o(.ARM.__at_0x02FC)
    i.GLCD_DisplayChar                       0x00000300   Section        0  glcd_spi_lpc1700.o(i.GLCD_DisplayChar)
    i.GLCD_DisplayString                     0x0000035c   Section        0  glcd_spi_lpc1700.o(i.GLCD_DisplayString)
    i.GLCD_DrawChar                          0x00000384   Section        0  glcd_spi_lpc1700.o(i.GLCD_DrawChar)
    i.GLCD_Init                              0x00000420   Section        0  glcd_spi_lpc1700.o(i.GLCD_Init)
    i.GLCD_SetWindow                         0x00000a08   Section        0  glcd_spi_lpc1700.o(i.GLCD_SetWindow)
    i.GLCD_WindowMax                         0x00000ab4   Section        0  glcd_spi_lpc1700.o(i.GLCD_WindowMax)
    i.KBD_Init                               0x00000ac8   Section        0  kbd.o(i.KBD_Init)
    i.KBD_get                                0x00000b04   Section        0  kbd.o(i.KBD_get)
    i.LED_Init                               0x00000b14   Section        0  led.o(i.LED_Init)
    i.LED_Off                                0x00000b44   Section        0  led.o(i.LED_Off)
    i.LED_On                                 0x00000b74   Section        0  led.o(i.LED_On)
    i.PIN_Configure                          0x00000ba4   Section        0  pin_lpc17xx.o(i.PIN_Configure)
    i.SystemInit                             0x00000ca0   Section        0  system_lpc17xx.o(i.SystemInit)
    i.__0printf$8                            0x00000de0   Section        0  printf8.o(i.__0printf$8)
    i.__0sprintf$8                           0x00000e00   Section        0  printf8.o(i.__0sprintf$8)
    i.__scatterload_copy                     0x00000e28   Section       14  handlers.o(i.__scatterload_copy)
    i.__scatterload_zeroinit                 0x00000e36   Section       14  handlers.o(i.__scatterload_zeroinit)
    i._printf_core                           0x00000e44   Section        0  printf8.o(i._printf_core)
    _printf_core                             0x00000e45   Thumb Code   996  printf8.o(i._printf_core)
    i._printf_post_padding                   0x00001254   Section        0  printf8.o(i._printf_post_padding)
    _printf_post_padding                     0x00001255   Thumb Code    36  printf8.o(i._printf_post_padding)
    i._printf_pre_padding                    0x00001278   Section        0  printf8.o(i._printf_pre_padding)
    _printf_pre_padding                      0x00001279   Thumb Code    46  printf8.o(i._printf_pre_padding)
    i._sputc                                 0x000012a6   Section        0  printf8.o(i._sputc)
    _sputc                                   0x000012a7   Thumb Code    10  printf8.o(i._sputc)
    i.delay                                  0x000012b0   Section        0  glcd_spi_lpc1700.o(i.delay)
    delay                                    0x000012b1   Thumb Code    14  glcd_spi_lpc1700.o(i.delay)
    i.fputc                                  0x000012c0   Section        0  blinky.o(i.fputc)
    i.get_button                             0x000012e4   Section        0  kbd.o(i.get_button)
    i.main                                   0x000012f8   Section        0  blinky.o(i.main)
    i.rd_id_man                              0x0000158c   Section        0  glcd_spi_lpc1700.o(i.rd_id_man)
    rd_id_man                                0x0000158d   Thumb Code   132  glcd_spi_lpc1700.o(i.rd_id_man)
    i.rd_reg                                 0x00001618   Section        0  glcd_spi_lpc1700.o(i.rd_reg)
    rd_reg                                   0x00001619   Thumb Code    66  glcd_spi_lpc1700.o(i.rd_reg)
    i.spi_tran                               0x00001660   Section        0  glcd_spi_lpc1700.o(i.spi_tran)
    spi_tran                                 0x00001661   Thumb Code    28  glcd_spi_lpc1700.o(i.spi_tran)
    i.spi_tran_man                           0x00001680   Section        0  glcd_spi_lpc1700.o(i.spi_tran_man)
    spi_tran_man                             0x00001681   Thumb Code   124  glcd_spi_lpc1700.o(i.spi_tran_man)
    i.wr_cmd                                 0x00001700   Section        0  glcd_spi_lpc1700.o(i.wr_cmd)
    wr_cmd                                   0x00001701   Thumb Code    36  glcd_spi_lpc1700.o(i.wr_cmd)
    i.wr_dat                                 0x00001728   Section        0  glcd_spi_lpc1700.o(i.wr_dat)
    wr_dat                                   0x00001729   Thumb Code    36  glcd_spi_lpc1700.o(i.wr_dat)
    i.wr_dat_only                            0x00001750   Section        0  glcd_spi_lpc1700.o(i.wr_dat_only)
    wr_dat_only                              0x00001751   Thumb Code    18  glcd_spi_lpc1700.o(i.wr_dat_only)
    i.wr_dat_start                           0x00001764   Section        0  glcd_spi_lpc1700.o(i.wr_dat_start)
    wr_dat_start                             0x00001765   Thumb Code    16  glcd_spi_lpc1700.o(i.wr_dat_start)
    i.wr_dat_stop                            0x00001778   Section        0  glcd_spi_lpc1700.o(i.wr_dat_stop)
    wr_dat_stop                              0x00001779   Thumb Code     8  glcd_spi_lpc1700.o(i.wr_dat_stop)
    i.wr_reg                                 0x00001784   Section        0  glcd_spi_lpc1700.o(i.wr_reg)
    wr_reg                                   0x00001785   Thumb Code    20  glcd_spi_lpc1700.o(i.wr_reg)
    .constdata                               0x00001798   Section     6272  glcd_spi_lpc1700.o(.constdata)
    .constdata                               0x00003018   Section       32  led.o(.constdata)
    .data                                    0x10000000   Section       18  blinky.o(.data)
    AD_dbg                                   0x10000008   Data           2  blinky.o(.data)
    .data                                    0x10000012   Section        5  glcd_spi_lpc1700.o(.data)
    Color                                    0x10000012   Data           4  glcd_spi_lpc1700.o(.data)
    Himax                                    0x10000016   Data           1  glcd_spi_lpc1700.o(.data)
    .data                                    0x10000018   Section       16  irq.o(.data)
    ticks                                    0x1000001c   Data           4  irq.o(.data)
    timetick                                 0x10000020   Data           4  irq.o(.data)
    leds                                     0x10000024   Data           4  irq.o(.data)
    .data                                    0x10000028   Section        3  adc_mcb1700.o(.data)
    AD_last                                  0x10000028   Data           2  adc_mcb1700.o(.data)
    AD_done                                  0x1000002a   Data           1  adc_mcb1700.o(.data)
    .bss                                     0x1000002c   Section       20  blinky.o(.bss)
    STACK                                    0x10000040   Section      512  startup_lpc17xx.o(STACK)

    Global Symbols

    Symbol Name                              Value     Ov Type        Size  Object(Section)

    BuildAttributes$$THM_ISAv4$P$D$K$B$S$PE$A:L22UL41UL21$X:L11$S22US41US21$IEEE1$IW$USESV6$~STKCKD$USESV7$~SHL$OSPACE$ROPI$EBA8$MICROLIB$REQ8$PRES8$EABIv2 0x00000000   Number         0  anon$$obj.o ABSOLUTE
    __ARM_use_no_argv                        0x00000000   Number         0  blinky.o ABSOLUTE
    __Vectors                                0x00000000   Data           4  startup_lpc17xx.o(RESET)
    _printf_a                                0x00000000   Number         0  stubs.o ABSOLUTE
    _printf_c                                0x00000000   Number         0  stubs.o ABSOLUTE
    _printf_charcount                        0x00000000   Number         0  stubs.o ABSOLUTE
    _printf_d                                0x00000000   Number         0  stubs.o ABSOLUTE
    _printf_e                                0x00000000   Number         0  stubs.o ABSOLUTE
    _printf_f                                0x00000000   Number         0  stubs.o ABSOLUTE
    _printf_flags                            0x00000000   Number         0  stubs.o ABSOLUTE
    _printf_fp_dec                           0x00000000   Number         0  stubs.o ABSOLUTE
    _printf_fp_hex                           0x00000000   Number         0  stubs.o ABSOLUTE
    _printf_g                                0x00000000   Number         0  stubs.o ABSOLUTE
    _printf_i                                0x00000000   Number         0  stubs.o ABSOLUTE
    _printf_int_dec                          0x00000000   Number         0  stubs.o ABSOLUTE
    _printf_l                                0x00000000   Number         0  stubs.o ABSOLUTE
    _printf_lc                               0x00000000   Number         0  stubs.o ABSOLUTE
    _printf_ll                               0x00000000   Number         0  stubs.o ABSOLUTE
    _printf_lld                              0x00000000   Number         0  stubs.o ABSOLUTE
    _printf_lli                              0x00000000   Number         0  stubs.o ABSOLUTE
    _printf_llo                              0x00000000   Number         0  stubs.o ABSOLUTE
    _printf_llu                              0x00000000   Number         0  stubs.o ABSOLUTE
    _printf_llx                              0x00000000   Number         0  stubs.o ABSOLUTE
    _printf_longlong_dec                     0x00000000   Number         0  stubs.o ABSOLUTE
    _printf_longlong_hex                     0x00000000   Number         0  stubs.o ABSOLUTE
    _printf_longlong_oct                     0x00000000   Number         0  stubs.o ABSOLUTE
    _printf_ls                               0x00000000   Number         0  stubs.o ABSOLUTE
    _printf_mbtowc                           0x00000000   Number         0  stubs.o ABSOLUTE
    _printf_n                                0x00000000   Number         0  stubs.o ABSOLUTE
    _printf_o                                0x00000000   Number         0  stubs.o ABSOLUTE
    _printf_p                                0x00000000   Number         0  stubs.o ABSOLUTE
    _printf_percent                          0x00000000   Number         0  stubs.o ABSOLUTE
    _printf_pre_padding                      0x00000000   Number         0  stubs.o ABSOLUTE
    _printf_return_value                     0x00000000   Number         0  stubs.o ABSOLUTE
    _printf_s                                0x00000000   Number         0  stubs.o ABSOLUTE
    _printf_sizespec                         0x00000000   Number         0  stubs.o ABSOLUTE
    _printf_str                              0x00000000   Number         0  stubs.o ABSOLUTE
    _printf_truncate_signed                  0x00000000   Number         0  stubs.o ABSOLUTE
    _printf_truncate_unsigned                0x00000000   Number         0  stubs.o ABSOLUTE
    _printf_u                                0x00000000   Number         0  stubs.o ABSOLUTE
    _printf_wc                               0x00000000   Number         0  stubs.o ABSOLUTE
    _printf_wctomb                           0x00000000   Number         0  stubs.o ABSOLUTE
    _printf_widthprec                        0x00000000   Number         0  stubs.o ABSOLUTE
    _printf_x                                0x00000000   Number         0  stubs.o ABSOLUTE
    __cpp_initialize__aeabi_                  - Undefined Weak Reference
    __cxa_finalize                            - Undefined Weak Reference
    __decompress                              - Undefined Weak Reference
    _clock_init                               - Undefined Weak Reference
    _microlib_exit                            - Undefined Weak Reference
    __main                                   0x000000cd   Thumb Code     0  entry.o(.ARM.Collect$$$$00000000)
    _main_stk                                0x000000cd   Thumb Code     0  entry2.o(.ARM.Collect$$$$00000001)
    _main_scatterload                        0x000000d1   Thumb Code     0  entry5.o(.ARM.Collect$$$$00000004)
    __main_after_scatterload                 0x000000d5   Thumb Code     0  entry5.o(.ARM.Collect$$$$00000004)
    _main_clock                              0x000000d5   Thumb Code     0  entry7b.o(.ARM.Collect$$$$00000008)
    _main_cpp_init                           0x000000d5   Thumb Code     0  entry8b.o(.ARM.Collect$$$$0000000A)
    _main_init                               0x000000d5   Thumb Code     0  entry9a.o(.ARM.Collect$$$$0000000B)
    __rt_final_cpp                           0x000000dd   Thumb Code     0  entry10a.o(.ARM.Collect$$$$0000000D)
    __rt_final_exit                          0x000000dd   Thumb Code     0  entry11a.o(.ARM.Collect$$$$0000000F)
    Reset_Handler                            0x000000e1   Thumb Code     8  startup_lpc17xx.o(.text)
    NMI_Handler                              0x000000e9   Thumb Code     2  startup_lpc17xx.o(.text)
    HardFault_Handler                        0x000000eb   Thumb Code     2  startup_lpc17xx.o(.text)
    MemManage_Handler                        0x000000ed   Thumb Code     2  startup_lpc17xx.o(.text)
    BusFault_Handler                         0x000000ef   Thumb Code     2  startup_lpc17xx.o(.text)
    UsageFault_Handler                       0x000000f1   Thumb Code     2  startup_lpc17xx.o(.text)
    SVC_Handler                              0x000000f3   Thumb Code     2  startup_lpc17xx.o(.text)
    DebugMon_Handler                         0x000000f5   Thumb Code     2  startup_lpc17xx.o(.text)
    PendSV_Handler                           0x000000f7   Thumb Code     2  startup_lpc17xx.o(.text)
    SysTick_Handler                          0x000000f9   Thumb Code     2  startup_lpc17xx.o(.text)
    BOD_IRQHandler                           0x000000fb   Thumb Code     0  startup_lpc17xx.o(.text)
    CANActivity_IRQHandler                   0x000000fb   Thumb Code     0  startup_lpc17xx.o(.text)
    CAN_IRQHandler                           0x000000fb   Thumb Code     0  startup_lpc17xx.o(.text)
    DMA_IRQHandler                           0x000000fb   Thumb Code     0  startup_lpc17xx.o(.text)
    EINT0_IRQHandler                         0x000000fb   Thumb Code     0  startup_lpc17xx.o(.text)
    EINT1_IRQHandler                         0x000000fb   Thumb Code     0  startup_lpc17xx.o(.text)
    EINT2_IRQHandler                         0x000000fb   Thumb Code     0  startup_lpc17xx.o(.text)
    EINT3_IRQHandler                         0x000000fb   Thumb Code     0  startup_lpc17xx.o(.text)
    ENET_IRQHandler                          0x000000fb   Thumb Code     0  startup_lpc17xx.o(.text)
    I2C0_IRQHandler                          0x000000fb   Thumb Code     0  startup_lpc17xx.o(.text)
    I2C1_IRQHandler                          0x000000fb   Thumb Code     0  startup_lpc17xx.o(.text)
    I2C2_IRQHandler                          0x000000fb   Thumb Code     0  startup_lpc17xx.o(.text)
    I2S_IRQHandler                           0x000000fb   Thumb Code     0  startup_lpc17xx.o(.text)
    MCPWM_IRQHandler                         0x000000fb   Thumb Code     0  startup_lpc17xx.o(.text)
    PLL0_IRQHandler                          0x000000fb   Thumb Code     0  startup_lpc17xx.o(.text)
    PLL1_IRQHandler                          0x000000fb   Thumb Code     0  startup_lpc17xx.o(.text)
    PWM1_IRQHandler                          0x000000fb   Thumb Code     0  startup_lpc17xx.o(.text)
    QEI_IRQHandler                           0x000000fb   Thumb Code     0  startup_lpc17xx.o(.text)
    RIT_IRQHandler                           0x000000fb   Thumb Code     0  startup_lpc17xx.o(.text)
    RTC_IRQHandler                           0x000000fb   Thumb Code     0  startup_lpc17xx.o(.text)
    SPI_IRQHandler                           0x000000fb   Thumb Code     0  startup_lpc17xx.o(.text)
    SSP0_IRQHandler                          0x000000fb   Thumb Code     0  startup_lpc17xx.o(.text)
    SSP1_IRQHandler                          0x000000fb   Thumb Code     0  startup_lpc17xx.o(.text)
    TIMER0_IRQHandler                        0x000000fb   Thumb Code     0  startup_lpc17xx.o(.text)
    TIMER1_IRQHandler                        0x000000fb   Thumb Code     0  startup_lpc17xx.o(.text)
    TIMER2_IRQHandler                        0x000000fb   Thumb Code     0  startup_lpc17xx.o(.text)
    TIMER3_IRQHandler                        0x000000fb   Thumb Code     0  startup_lpc17xx.o(.text)
    UART0_IRQHandler                         0x000000fb   Thumb Code     0  startup_lpc17xx.o(.text)
    UART1_IRQHandler                         0x000000fb   Thumb Code     0  startup_lpc17xx.o(.text)
    UART2_IRQHandler                         0x000000fb   Thumb Code     0  startup_lpc17xx.o(.text)
    UART3_IRQHandler                         0x000000fb   Thumb Code     0  startup_lpc17xx.o(.text)
    USBActivity_IRQHandler                   0x000000fb   Thumb Code     0  startup_lpc17xx.o(.text)
    USB_IRQHandler                           0x000000fb   Thumb Code     0  startup_lpc17xx.o(.text)
    WDT_IRQHandler                           0x000000fb   Thumb Code     0  startup_lpc17xx.o(.text)
    __aeabi_uldivmod                         0x00000105   Thumb Code    98  uldiv.o(.text)
    __aeabi_llsl                             0x00000167   Thumb Code    30  llshl.o(.text)
    _ll_shift_l                              0x00000167   Thumb Code     0  llshl.o(.text)
    __aeabi_llsr                             0x00000185   Thumb Code    32  llushr.o(.text)
    _ll_ushift_r                             0x00000185   Thumb Code     0  llushr.o(.text)
    __scatterload                            0x000001a5   Thumb Code    28  init.o(.text)
    __scatterload_rt2                        0x000001a5   Thumb Code     0  init.o(.text)
    ADC_IRQHandler                           0x000001c9   Thumb Code    28  adc_mcb1700.o(i.ADC_IRQHandler)
    ADC_Initialize                           0x000001f1   Thumb Code    86  adc_mcb1700.o(i.ADC_Initialize)
    GLCD_Clear                               0x00000259   Thumb Code    42  glcd_spi_lpc1700.o(i.GLCD_Clear)
    GLCD_ClearLn                             0x00000283   Thumb Code    94  glcd_spi_lpc1700.o(i.GLCD_ClearLn)
    GLCD_SetBackColor                        0x000002e1   Thumb Code     6  glcd_spi_lpc1700.o(i.GLCD_SetBackColor)
    GLCD_SetTextColor                        0x000002ed   Thumb Code     6  glcd_spi_lpc1700.o(i.GLCD_SetTextColor)
    __scatterload_null                       0x000002f9   Thumb Code     2  handlers.o(i.__scatterload_null)
    ADC_PIN                                  0x000002fa   Data           2  adc_mcb1700.o(.constdata)
    GLCD_DisplayChar                         0x00000301   Thumb Code    84  glcd_spi_lpc1700.o(i.GLCD_DisplayChar)
    GLCD_DisplayString                       0x0000035d   Thumb Code    40  glcd_spi_lpc1700.o(i.GLCD_DisplayString)
    GLCD_DrawChar                            0x00000385   Thumb Code   150  glcd_spi_lpc1700.o(i.GLCD_DrawChar)
    GLCD_Init                                0x00000421   Thumb Code  1506  glcd_spi_lpc1700.o(i.GLCD_Init)
    GLCD_SetWindow                           0x00000a09   Thumb Code   168  glcd_spi_lpc1700.o(i.GLCD_SetWindow)
    GLCD_WindowMax                           0x00000ab5   Thumb Code    18  glcd_spi_lpc1700.o(i.GLCD_WindowMax)
    KBD_Init                                 0x00000ac9   Thumb Code    42  kbd.o(i.KBD_Init)
    KBD_get                                  0x00000b05   Thumb Code    12  kbd.o(i.KBD_get)
    LED_Init                                 0x00000b15   Thumb Code    40  led.o(i.LED_Init)
    LED_Off                                  0x00000b45   Thumb Code    40  led.o(i.LED_Off)
    LED_On                                   0x00000b75   Thumb Code    40  led.o(i.LED_On)
    PIN_Configure                            0x00000ba5   Thumb Code   246  pin_lpc17xx.o(i.PIN_Configure)
    SystemInit                               0x00000ca1   Thumb Code   302  system_lpc17xx.o(i.SystemInit)
    __0printf$8                              0x00000de1   Thumb Code    22  printf8.o(i.__0printf$8)
    __1printf$8                              0x00000de1   Thumb Code     0  printf8.o(i.__0printf$8)
    __2printf                                0x00000de1   Thumb Code     0  printf8.o(i.__0printf$8)
    __0sprintf$8                             0x00000e01   Thumb Code    34  printf8.o(i.__0sprintf$8)
    __1sprintf$8                             0x00000e01   Thumb Code     0  printf8.o(i.__0sprintf$8)
    __2sprintf                               0x00000e01   Thumb Code     0  printf8.o(i.__0sprintf$8)
    __scatterload_copy                       0x00000e29   Thumb Code    14  handlers.o(i.__scatterload_copy)
    __scatterload_zeroinit                   0x00000e37   Thumb Code    14  handlers.o(i.__scatterload_zeroinit)
    fputc                                    0x000012c1   Thumb Code    30  blinky.o(i.fputc)
    get_button                               0x000012e5   Thumb Code    20  kbd.o(i.get_button)
    main                                     0x000012f9   Thumb Code   466  blinky.o(i.main)
    Font_6x8_h                               0x00001798   Data         896  glcd_spi_lpc1700.o(.constdata)
    Font_16x24_h                             0x00001b18   Data        5376  glcd_spi_lpc1700.o(.constdata)
    led_mask                                 0x00003018   Data          32  led.o(.constdata)
    Region$$Table$$Base                      0x00003038   Number         0  anon$$obj.o(Region$$Table)
    Region$$Table$$Limit                     0x00003058   Number         0  anon$$obj.o(Region$$Table)
    __stdout                                 0x10000000   Data           4  blinky.o(.data)
    __stdin                                  0x10000004   Data           4  blinky.o(.data)
    joyStick_dbg                             0x1000000c   Data           4  blinky.o(.data)
    ADC_last                                 0x10000010   Data           2  blinky.o(.data)
    clock_ms                                 0x10000018   Data           1  irq.o(.data)
    text                                     0x1000002c   Data          10  blinky.o(.bss)
    text_l                                   0x10000036   Data          10  blinky.o(.bss)
    __initial_sp                             0x10000240   Data           0  startup_lpc17xx.o(STACK)



==============================================================================

Memory Map of the image

  Image Entry point : 0x000000cd

  Load Region LR_IROM1 (Base: 0x00000000, Size: 0x00003084, Max: 0x00080000, ABSOLUTE)

    Execution Region ER_IROM1 (Exec base: 0x00000000, Load base: 0x00000000, Size: 0x00003058, Max: 0x00080000, ABSOLUTE)

    Exec Addr    Load Addr    Size         Type   Attr      Idx    E Section Name        Object

    0x00000000   0x00000000   0x000000cc   Data   RO          683    RESET               startup_lpc17xx.o
    0x000000cc   0x000000cc   0x00000000   Code   RO          727  * .ARM.Collect$$$$00000000  mc_w.l(entry.o)
    0x000000cc   0x000000cc   0x00000004   Code   RO          998    .ARM.Collect$$$$00000001  mc_w.l(entry2.o)
    0x000000d0   0x000000d0   0x00000004   Code   RO         1001    .ARM.Collect$$$$00000004  mc_w.l(entry5.o)
    0x000000d4   0x000000d4   0x00000000   Code   RO         1003    .ARM.Collect$$$$00000008  mc_w.l(entry7b.o)
    0x000000d4   0x000000d4   0x00000000   Code   RO         1005    .ARM.Collect$$$$0000000A  mc_w.l(entry8b.o)
    0x000000d4   0x000000d4   0x00000008   Code   RO         1006    .ARM.Collect$$$$0000000B  mc_w.l(entry9a.o)
    0x000000dc   0x000000dc   0x00000000   Code   RO         1008    .ARM.Collect$$$$0000000D  mc_w.l(entry10a.o)
    0x000000dc   0x000000dc   0x00000000   Code   RO         1010    .ARM.Collect$$$$0000000F  mc_w.l(entry11a.o)
    0x000000dc   0x000000dc   0x00000004   Code   RO          999    .ARM.Collect$$$$00002712  mc_w.l(entry2.o)
    0x000000e0   0x000000e0   0x00000024   Code   RO          685    .text               startup_lpc17xx.o
    0x00000104   0x00000104   0x00000062   Code   RO          735    .text               mc_w.l(uldiv.o)
    0x00000166   0x00000166   0x0000001e   Code   RO         1014    .text               mc_w.l(llshl.o)
    0x00000184   0x00000184   0x00000020   Code   RO         1016    .text               mc_w.l(llushr.o)
    0x000001a4   0x000001a4   0x00000024   Code   RO         1029    .text               mc_w.l(init.o)
    0x000001c8   0x000001c8   0x00000028   Code   RO          403    i.ADC_IRQHandler    adc_mcb1700.o
    0x000001f0   0x000001f0   0x00000068   Code   RO          404    i.ADC_Initialize    adc_mcb1700.o
    0x00000258   0x00000258   0x0000002a   Code   RO           91    i.GLCD_Clear        glcd_spi_lpc1700.o
    0x00000282   0x00000282   0x0000005e   Code   RO           92    i.GLCD_ClearLn      glcd_spi_lpc1700.o
    0x000002e0   0x000002e0   0x0000000c   Code   RO           99    i.GLCD_SetBackColor  glcd_spi_lpc1700.o
    0x000002ec   0x000002ec   0x0000000c   Code   RO          100    i.GLCD_SetTextColor  glcd_spi_lpc1700.o
    0x000002f8   0x000002f8   0x00000002   Code   RO         1038    i.__scatterload_null  mc_w.l(handlers.o)
    0x000002fa   0x000002fa   0x00000002   Data   RO          407    .constdata          adc_mcb1700.o
    0x000002fc   0x000002fc   0x00000004   Code   RO          684    .ARM.__at_0x02FC    startup_lpc17xx.o
    0x00000300   0x00000300   0x0000005c   Code   RO           93    i.GLCD_DisplayChar  glcd_spi_lpc1700.o
    0x0000035c   0x0000035c   0x00000028   Code   RO           94    i.GLCD_DisplayString  glcd_spi_lpc1700.o
    0x00000384   0x00000384   0x0000009c   Code   RO           95    i.GLCD_DrawChar     glcd_spi_lpc1700.o
    0x00000420   0x00000420   0x000005e8   Code   RO           96    i.GLCD_Init         glcd_spi_lpc1700.o
    0x00000a08   0x00000a08   0x000000ac   Code   RO          101    i.GLCD_SetWindow    glcd_spi_lpc1700.o
    0x00000ab4   0x00000ab4   0x00000012   Code   RO          102    i.GLCD_WindowMax    glcd_spi_lpc1700.o
    0x00000ac6   0x00000ac6   0x00000002   PAD
    0x00000ac8   0x00000ac8   0x0000003c   Code   RO          351    i.KBD_Init          kbd.o
    0x00000b04   0x00000b04   0x00000010   Code   RO          352    i.KBD_get           kbd.o
    0x00000b14   0x00000b14   0x00000030   Code   RO          306    i.LED_Init          led.o
    0x00000b44   0x00000b44   0x00000030   Code   RO          307    i.LED_Off           led.o
    0x00000b74   0x00000b74   0x00000030   Code   RO          308    i.LED_On            led.o
    0x00000ba4   0x00000ba4   0x000000fc   Code   RO          648    i.PIN_Configure     pin_lpc17xx.o
    0x00000ca0   0x00000ca0   0x00000140   Code   RO          695    i.SystemInit        system_lpc17xx.o
    0x00000de0   0x00000de0   0x00000020   Code   RO          944    i.__0printf$8       mc_w.l(printf8.o)
    0x00000e00   0x00000e00   0x00000028   Code   RO          946    i.__0sprintf$8      mc_w.l(printf8.o)
    0x00000e28   0x00000e28   0x0000000e   Code   RO         1037    i.__scatterload_copy  mc_w.l(handlers.o)
    0x00000e36   0x00000e36   0x0000000e   Code   RO         1039    i.__scatterload_zeroinit  mc_w.l(handlers.o)
    0x00000e44   0x00000e44   0x00000410   Code   RO          951    i._printf_core      mc_w.l(printf8.o)
    0x00001254   0x00001254   0x00000024   Code   RO          952    i._printf_post_padding  mc_w.l(printf8.o)
    0x00001278   0x00001278   0x0000002e   Code   RO          953    i._printf_pre_padding  mc_w.l(printf8.o)
    0x000012a6   0x000012a6   0x0000000a   Code   RO          955    i._sputc            mc_w.l(printf8.o)
    0x000012b0   0x000012b0   0x0000000e   Code   RO          105    i.delay             glcd_spi_lpc1700.o
    0x000012be   0x000012be   0x00000002   PAD
    0x000012c0   0x000012c0   0x00000024   Code   RO            4    i.fputc             blinky.o
    0x000012e4   0x000012e4   0x00000014   Code   RO          353    i.get_button        kbd.o
    0x000012f8   0x000012f8   0x00000294   Code   RO            5    i.main              blinky.o
    0x0000158c   0x0000158c   0x0000008c   Code   RO          106    i.rd_id_man         glcd_spi_lpc1700.o
    0x00001618   0x00001618   0x00000048   Code   RO          107    i.rd_reg            glcd_spi_lpc1700.o
    0x00001660   0x00001660   0x00000020   Code   RO          108    i.spi_tran          glcd_spi_lpc1700.o
    0x00001680   0x00001680   0x00000080   Code   RO          109    i.spi_tran_man      glcd_spi_lpc1700.o
    0x00001700   0x00001700   0x00000028   Code   RO          110    i.wr_cmd            glcd_spi_lpc1700.o
    0x00001728   0x00001728   0x00000028   Code   RO          111    i.wr_dat            glcd_spi_lpc1700.o
    0x00001750   0x00001750   0x00000012   Code   RO          112    i.wr_dat_only       glcd_spi_lpc1700.o
    0x00001762   0x00001762   0x00000002   PAD
    0x00001764   0x00001764   0x00000014   Code   RO          113    i.wr_dat_start      glcd_spi_lpc1700.o
    0x00001778   0x00001778   0x0000000c   Code   RO          114    i.wr_dat_stop       glcd_spi_lpc1700.o
    0x00001784   0x00001784   0x00000014   Code   RO          115    i.wr_reg            glcd_spi_lpc1700.o
    0x00001798   0x00001798   0x00001880   Data   RO          116    .constdata          glcd_spi_lpc1700.o
    0x00003018   0x00003018   0x00000020   Data   RO          310    .constdata          led.o
    0x00003038   0x00003038   0x00000020   Data   RO         1035    Region$$Table       anon$$obj.o


    Execution Region RW_IRAM1 (Exec base: 0x10000000, Load base: 0x00003058, Size: 0x00000240, Max: 0x00008000, ABSOLUTE)

    Exec Addr    Load Addr    Size         Type   Attr      Idx    E Section Name        Object

    0x10000000   0x00003058   0x00000012   Data   RW            7    .data               blinky.o
    0x10000012   0x0000306a   0x00000005   Data   RW          117    .data               glcd_spi_lpc1700.o
    0x10000017   0x0000306f   0x00000001   PAD
    0x10000018   0x00003070   0x00000010   Data   RW          276    .data               irq.o
    0x10000028   0x00003080   0x00000003   Data   RW          408    .data               adc_mcb1700.o
    0x1000002b   0x00003083   0x00000001   PAD
    0x1000002c        -       0x00000014   Zero   RW            6    .bss                blinky.o
    0x10000040        -       0x00000200   Zero   RW          681    STACK               startup_lpc17xx.o


==============================================================================

Image component sizes


      Code (inc. data)   RO Data    RW Data    ZI Data      Debug   Object Name

       144         30          2          3          0      29687   adc_mcb1700.o
       696        200          0         18         20      25142   blinky.o
      2686         94       6272          5          0      14572   glcd_spi_lpc1700.o
         0          0          0         16          0        702   irq.o
        96         22          0          0          0       1290   kbd.o
       144         24         32          0          0       1889   led.o
       252          6          0          0          0        844   pin_lpc17xx.o
        40         12        204          0        512       1052   startup_lpc17xx.o
       320         18          0          0          0        605   system_lpc17xx.o

    ----------------------------------------------------------------------
      4384        406       6542         44        532      75783   Object Totals
         0          0         32          0          0          0   (incl. Generated)
         6          0          0          2          0          0   (incl. Padding)

    ----------------------------------------------------------------------

      Code (inc. data)   RO Data    RW Data    ZI Data      Debug   Library Member Name

         0          0          0          0          0          0   entry.o
         0          0          0          0          0          0   entry10a.o
         0          0          0          0          0          0   entry11a.o
         8          4          0          0          0          0   entry2.o
         4          0          0          0          0          0   entry5.o
         0          0          0          0          0          0   entry7b.o
         0          0          0          0          0          0   entry8b.o
         8          4          0          0          0          0   entry9a.o
        30          0          0          0          0          0   handlers.o
        36          8          0          0          0         68   init.o
        30          0          0          0          0         68   llshl.o
        32          0          0          0          0         68   llushr.o
      1204         60          0          0          0        504   printf8.o
        98          0          0          0          0         92   uldiv.o

    ----------------------------------------------------------------------
      1450         76          0          0          0        800   Library Totals
         0          0          0          0          0          0   (incl. Padding)

    ----------------------------------------------------------------------

      Code (inc. data)   RO Data    RW Data    ZI Data      Debug   Library Name

      1450         76          0          0          0        800   mc_w.l

    ----------------------------------------------------------------------
      1450         76          0          0          0        800   Library Totals

    ----------------------------------------------------------------------

==============================================================================


      Code (inc. data)   RO Data    RW Data    ZI Data      Debug   

      5834        482       6542         44        532      74811   Grand Totals
      5834        482       6542         44        532      74811   ELF Image Totals
      5834        482       6542         44          0          0   ROM Totals

==============================================================================

    Total RO  Size (Code + RO Data)                12376 (  12.09kB)
    Total RW  Size (RW Data + ZI Data)               576 (   0.56kB)
    Total ROM Size (Code + RO Data + RW Data)      12420 (  12.13kB)

==============================================================================

