Component: ARM Compiler 5.06 update 6 (build 750) Tool: armlink [4d35ed]

==============================================================================

Section Cross References

    irq.o(i.SysTick_Handler1) refers to led.o(i.LED_Out) for LED_Out
    irq.o(i.SysTick_Handler1) refers to adc_mcb1700.o(i.ADC_StartConversion) for ADC_StartConversion
    irq.o(i.SysTick_Handler1) refers to irq.o(.data) for ticks
    irq.o(i.SysTick_Handler1) refers to main.o(.data) for ADC_last
    main.o(i.main) refers to led.o(i.LED_Init) for LED_Init
    main.o(i.main) refers to adc_mcb1700.o(i.ADC_Initialize) for ADC_Initialize
    main.o(i.main) refers to kbd.o(i.KBD_Init) for KBD_Init
    main.o(i.main) refers to glcd_spi_lpc1700.o(i.GLCD_Init) for GLCD_Init
    main.o(i.main) refers to rt_cmsis.o(i.osKernelInitialize) for osKernelInitialize
    main.o(i.main) refers to thread.o(i.Init_Thread) for Init_Thread
    main.o(i.main) refers to rt_cmsis.o(i.osKernelStart) for osKernelStart
    main.o(i.main) refers to rt_cmsis.o(i.osDelay) for osDelay
    main.o(i.main) refers to kbd.o(i.get_button) for get_button
    main.o(i.main) refers to printf3.o(i.__0printf$3) for __2printf
    main.o(i.main) refers to mainmenu.o(.data) for currentSelection
    main.o(i.main) refers to irq.o(.data) for clock_ms
    main.o(i.main) refers to main.o(.bss) for text
    mainmenu.o(i.clearCursor) refers to glcd_spi_lpc1700.o(i.GLCD_ClearLn) for GLCD_ClearLn
    mainmenu.o(i.clearCursor) refers to glcd_spi_lpc1700.o(i.GLCD_SetBackColor) for GLCD_SetBackColor
    mainmenu.o(i.clearCursor) refers to glcd_spi_lpc1700.o(i.GLCD_SetTextColor) for GLCD_SetTextColor
    mainmenu.o(i.clearCursor) refers to glcd_spi_lpc1700.o(i.GLCD_DisplayString) for GLCD_DisplayString
    mainmenu.o(i.displayMainMenu) refers to glcd_spi_lpc1700.o(i.GLCD_Clear) for GLCD_Clear
    mainmenu.o(i.displayMainMenu) refers to glcd_spi_lpc1700.o(i.GLCD_SetBackColor) for GLCD_SetBackColor
    mainmenu.o(i.displayMainMenu) refers to glcd_spi_lpc1700.o(i.GLCD_SetTextColor) for GLCD_SetTextColor
    mainmenu.o(i.displayMainMenu) refers to glcd_spi_lpc1700.o(i.GLCD_DisplayString) for GLCD_DisplayString
    mainmenu.o(i.displayMainMenu) refers to mainmenu.o(.data) for currentSelection
    mainmenu.o(i.selectCursor) refers to glcd_spi_lpc1700.o(i.GLCD_ClearLn) for GLCD_ClearLn
    mainmenu.o(i.selectCursor) refers to glcd_spi_lpc1700.o(i.GLCD_SetBackColor) for GLCD_SetBackColor
    mainmenu.o(i.selectCursor) refers to glcd_spi_lpc1700.o(i.GLCD_SetTextColor) for GLCD_SetTextColor
    mainmenu.o(i.selectCursor) refers to glcd_spi_lpc1700.o(i.GLCD_DisplayString) for GLCD_DisplayString
    thread.o(i.GalleryThread) refers to gallery.o(i.initializeGallery) for initializeGallery
    thread.o(i.GalleryThread) refers to rt_cmsis.o(i.osSignalSet) for osSignalSet
    thread.o(i.GalleryThread) refers to rt_cmsis.o(i.osSignalWait) for osSignalWait
    thread.o(i.GalleryThread) refers to kbd.o(i.get_button) for get_button
    thread.o(i.GalleryThread) refers to gallery.o(i.displayPicture) for displayPicture
    thread.o(i.GalleryThread) refers to thread.o(i.delay) for delay
    thread.o(i.GalleryThread) refers to thread.o(.data) for currentPic
    thread.o(i.GameThread) refers to rt_cmsis.o(i.osSignalSet) for osSignalSet
    thread.o(i.GameThread) refers to rt_cmsis.o(i.osSignalWait) for osSignalWait
    thread.o(i.GameThread) refers to kbd.o(i.get_button) for get_button
    thread.o(i.GameThread) refers to game.o(i.game) for game
    thread.o(i.GameThread) refers to thread.o(.data) for mainMenuId
    thread.o(i.Init_Thread) refers to rt_cmsis.o(i.osThreadCreate) for osThreadCreate
    thread.o(i.Init_Thread) refers to thread.o(.constdata) for os_thread_def_MainMenuThread
    thread.o(i.Init_Thread) refers to thread.o(.data) for mainMenuId
    thread.o(i.MP3PlayerThread) refers to rt_cmsis.o(i.osSignalSet) for osSignalSet
    thread.o(i.MP3PlayerThread) refers to rt_cmsis.o(i.osSignalWait) for osSignalWait
    thread.o(i.MP3PlayerThread) refers to kbd.o(i.get_button) for get_button
    thread.o(i.MP3PlayerThread) refers to usbdmain.o(i.usbAudio) for usbAudio
    thread.o(i.MP3PlayerThread) refers to thread.o(.data) for mainMenuId
    thread.o(i.MainMenuThread) refers to mainmenu.o(i.displayMainMenu) for displayMainMenu
    thread.o(i.MainMenuThread) refers to mainmenu.o(i.selectCursor) for selectCursor
    thread.o(i.MainMenuThread) refers to kbd.o(i.get_button) for get_button
    thread.o(i.MainMenuThread) refers to mainmenu.o(i.clearCursor) for clearCursor
    thread.o(i.MainMenuThread) refers to rt_cmsis.o(i.osThreadSetPriority) for osThreadSetPriority
    thread.o(i.MainMenuThread) refers to rt_cmsis.o(i.osSignalSet) for osSignalSet
    thread.o(i.MainMenuThread) refers to rt_cmsis.o(i.osSignalWait) for osSignalWait
    thread.o(i.MainMenuThread) refers to thread.o(.data) for galleryThreadId
    thread.o(.constdata) refers to thread.o(i.MainMenuThread) for MainMenuThread
[...]
    i.init_usb_screen                        0x000036b0   Section        0  usbdmain.o(i.init_usb_screen)
    i.initializeGallery                      0x000036d0   Section        0  gallery.o(i.initializeGallery)
    i.isrMessageGet                          0x000036ec   Section        0  rt_cmsis.o(i.isrMessageGet)
    i.isrMessagePut                          0x00003716   Section        0  rt_cmsis.o(i.isrMessagePut)
    i.isrSignalSet                           0x00003742   Section        0  rt_cmsis.o(i.isrSignalSet)
    i.isr_evt_set                            0x00003768   Section        0  rt_event.o(i.isr_evt_set)
    i.isr_mbx_receive                        0x00003790   Section        0  rt_mailbox.o(i.isr_mbx_receive)
    i.isr_mbx_send                           0x000037e6   Section        0  rt_mailbox.o(i.isr_mbx_send)
    i.main                                   0x000037f4   Section        0  main.o(i.main)
    i.osDelay                                0x000038d0   Section        0  rt_cmsis.o(i.osDelay)
    i.osKernelInitialize                     0x000038e8   Section        0  rt_cmsis.o(i.osKernelInitialize)
    i.osKernelStart                          0x0000390c   Section        0  rt_cmsis.o(i.osKernelStart)
    i.osMessageGet                           0x00003978   Section        0  rt_cmsis.o(i.osMessageGet)
    i.osSignalSet                            0x00003990   Section        0  rt_cmsis.o(i.osSignalSet)
    i.osSignalWait                           0x000039a8   Section        0  rt_cmsis.o(i.osSignalWait)
    i.osThreadCreate                         0x000039c0   Section        0  rt_cmsis.o(i.osThreadCreate)
    i.osThreadExit                           0x000039ec   Section        0  rt_cmsis.o(i.osThreadExit)
    i.osThreadSetPriority                    0x00003a04   Section        0  rt_cmsis.o(i.osThreadSetPriority)
    i.osTimerCall                            0x00003a1c   Section        0  rt_cmsis.o(i.osTimerCall)
    i.osTimerThread                          0x00003a28   Section        0  rt_cmsis.o(i.osTimerThread)
    i.os_error                               0x00003a54   Section        0  rtx_conf_cm.o(i.os_error)
    i.os_idle_demon                          0x00003a76   Section        0  rtx_conf_cm.o(i.os_idle_demon)
    i.os_tick_init                           0x00003a7c   Section        0  rt_system.o(i.os_tick_init)
    i.os_tick_irqack                         0x00003aa4   Section        0  rt_system.o(i.os_tick_irqack)
    i.rd_id_man                              0x00003aa8   Section        0  glcd_spi_lpc1700.o(i.rd_id_man)
    rd_id_man                                0x00003aa9   Thumb Code   132  glcd_spi_lpc1700.o(i.rd_id_man)
    i.rd_reg                                 0x00003b34   Section        0  glcd_spi_lpc1700.o(i.rd_reg)
    rd_reg                                   0x00003b35   Thumb Code    66  glcd_spi_lpc1700.o(i.rd_reg)
    i.rt_alloc_box                           0x00003b7c   Section        0  rt_membox.o(i.rt_alloc_box)
    i.rt_alloc_mem                           0x00003b96   Section        0  rt_memory.o(i.rt_alloc_mem)
    i.rt_block                               0x00003bd4   Section        0  rt_task.o(i.rt_block)
    i.rt_chk_robin                           0x00003c0c   Section        0  rtx_conf_cm.o(i.rt_chk_robin)
    i.rt_dec_dly                             0x00003c10   Section        0  rt_list.o(i.rt_dec_dly)
    i.rt_dispatch                            0x00003c80   Section        0  rt_task.o(i.rt_dispatch)
    i.rt_dly_wait                            0x00003cc4   Section        0  rt_time.o(i.rt_dly_wait)
    i.rt_evt_psh                             0x00003ccc   Section        0  rt_event.o(i.rt_evt_psh)
    i.rt_evt_set                             0x00003d1c   Section        0  rt_event.o(i.rt_evt_set)
    i.rt_evt_wait                            0x00003d78   Section        0  rt_event.o(i.rt_evt_wait)
    i.rt_free_box                            0x00003db4   Section        0  rt_membox.o(i.rt_free_box)
    i.rt_free_mem                            0x00003de0   Section        0  rt_memory.o(i.rt_free_mem)
    i.rt_get_first                           0x00003e08   Section        0  rt_list.o(i.rt_get_first)
    i.rt_id2obj                              0x00003e30   Section        0  rt_cmsis.o(i.rt_id2obj)
    rt_id2obj                                0x00003e31   Thumb Code     8  rt_cmsis.o(i.rt_id2obj)
    i.rt_init_context                        0x00003e38   Section        0  rt_task.o(i.rt_init_context)
    rt_init_context                          0x00003e39   Thumb Code    66  rt_task.o(i.rt_init_context)
    i.rt_init_mem                            0x00003e80   Section        0  rt_memory.o(i.rt_init_mem)
    i.rt_init_robin                          0x00003e9a   Section        0  rtx_conf_cm.o(i.rt_init_robin)
    i.rt_init_stack                          0x00003e9c   Section        0  hal_cm.o(i.rt_init_stack)
    i.rt_mbx_check                           0x00003f1c   Section        0  rt_mailbox.o(i.rt_mbx_check)
    i.rt_mbx_init                            0x00003f24   Section        0  rt_mailbox.o(i.rt_mbx_init)
    i.rt_mbx_psh                             0x00003f40   Section        0  rt_mailbox.o(i.rt_mbx_psh)
    i.rt_mbx_wait                            0x00004030   Section        0  rt_mailbox.o(i.rt_mbx_wait)
    i.rt_ms2tick                             0x000040e4   Section        0  rt_cmsis.o(i.rt_ms2tick)
    rt_ms2tick                               0x000040e5   Thumb Code    58  rt_cmsis.o(i.rt_ms2tick)
    i.rt_pop_req                             0x00004128   Section        0  rt_system.o(i.rt_pop_req)
    i.rt_psh_req                             0x000041a4   Section        0  rt_system.o(i.rt_psh_req)
    i.rt_psq_enq                             0x000041c4   Section        0  rt_list.o(i.rt_psq_enq)
    i.rt_put_dly                             0x00004220   Section        0  rt_list.o(i.rt_put_dly)
    i.rt_put_prio                            0x00004268   Section        0  rt_list.o(i.rt_put_prio)
    i.rt_put_rdy_first                       0x000042a0   Section        0  rt_list.o(i.rt_put_rdy_first)
    i.rt_resort_prio                         0x000042b4   Section        0  rt_list.o(i.rt_resort_prio)
    i.rt_ret_val                             0x000042e8   Section        0  hal_cm.o(i.rt_ret_val)
    i.rt_ret_val2                            0x000042ee   Section        0  hal_cm.o(i.rt_ret_val2)
    i.rt_rmv_dly                             0x000042f6   Section        0  rt_list.o(i.rt_rmv_dly)
    i.rt_rmv_list                            0x00004320   Section        0  rt_list.o(i.rt_rmv_list)
    i.rt_sem_psh                             0x00004350   Section        0  rt_semaphore.o(i.rt_sem_psh)
    i.rt_stk_check                           0x00004384   Section        0  rt_system.o(i.rt_stk_check)
    i.rt_switch_req                          0x000043a8   Section        0  rt_task.o(i.rt_switch_req)
    i.rt_sys_init                            0x000043d0   Section        0  rt_task.o(i.rt_sys_init)
    i.rt_sys_start                           0x0000449c   Section        0  rt_task.o(i.rt_sys_start)
    i.rt_systick                             0x00004514   Section        0  rt_system.o(i.rt_systick)
    i.rt_tid2ptcb                            0x00004554   Section        0  rt_cmsis.o(i.rt_tid2ptcb)
    rt_tid2ptcb                              0x00004555   Thumb Code    18  rt_cmsis.o(i.rt_tid2ptcb)
    i.rt_timer_insert                        0x00004568   Section        0  rt_cmsis.o(i.rt_timer_insert)
    rt_timer_insert                          0x00004569   Thumb Code    48  rt_cmsis.o(i.rt_timer_insert)
    i.rt_tsk_create                          0x0000459c   Section        0  rt_task.o(i.rt_tsk_create)
    i.rt_tsk_delete                          0x00004624   Section        0  rt_task.o(i.rt_tsk_delete)
    i.rt_tsk_prio                            0x000047a0   Section        0  rt_task.o(i.rt_tsk_prio)
    i.rt_tsk_self                            0x0000481c   Section        0  rt_task.o(i.rt_tsk_self)
    i.selectCursor                           0x0000482c   Section        0  mainmenu.o(i.selectCursor)
    i.setbody                                0x000048f8   Section        0  game.o(i.setbody)
    i.spi_tran                               0x00004994   Section        0  glcd_spi_lpc1700.o(i.spi_tran)
    spi_tran                                 0x00004995   Thumb Code    28  glcd_spi_lpc1700.o(i.spi_tran)
    i.spi_tran_man                           0x000049b4   Section        0  glcd_spi_lpc1700.o(i.spi_tran_man)
    spi_tran_man                             0x000049b5   Thumb Code   124  glcd_spi_lpc1700.o(i.spi_tran_man)
    i.svcDelay                               0x00004a34   Section        0  rt_cmsis.o(i.svcDelay)
    i.svcKernelInitialize                    0x00004a48   Section        0  rt_cmsis.o(i.svcKernelInitialize)
    i.svcKernelStart                         0x00004ab8   Section        0  rt_cmsis.o(i.svcKernelStart)
    i.svcMessageCreate                       0x00004b00   Section        0  rt_cmsis.o(i.svcMessageCreate)
    i.svcMessageGet                          0x00004b24   Section        0  rt_cmsis.o(i.svcMessageGet)
    i.svcSignalSet                           0x00004b5e   Section        0  rt_cmsis.o(i.svcSignalSet)
    i.svcSignalWait                          0x00004b84   Section        0  rt_cmsis.o(i.svcSignalWait)
    i.svcThreadCreate                        0x00004bd8   Section        0  rt_cmsis.o(i.svcThreadCreate)
    i.svcThreadGetId                         0x00004c44   Section        0  rt_cmsis.o(i.svcThreadGetId)
    i.svcThreadSetPriority                   0x00004c60   Section        0  rt_cmsis.o(i.svcThreadSetPriority)
    i.svcThreadTerminate                     0x00004c90   Section        0  rt_cmsis.o(i.svcThreadTerminate)
    i.svcTimerCall                           0x00004cc8   Section        0  rt_cmsis.o(i.svcTimerCall)
    i.sysTimerTick                           0x00004ce0   Section        0  rt_cmsis.o(i.sysTimerTick)
    i.updatebody                             0x00004d3c   Section        0  game.o(i.updatebody)
    i.usbAudio                               0x00004fd4   Section        0  usbdmain.o(i.usbAudio)
    i.wr_cmd                                 0x000050d8   Section        0  glcd_spi_lpc1700.o(i.wr_cmd)
    wr_cmd                                   0x000050d9   Thumb Code    36  glcd_spi_lpc1700.o(i.wr_cmd)
    i.wr_dat                                 0x00005100   Section        0  glcd_spi_lpc1700.o(i.wr_dat)
    wr_dat                                   0x00005101   Thumb Code    36  glcd_spi_lpc1700.o(i.wr_dat)
    i.wr_dat_only                            0x00005128   Section        0  glcd_spi_lpc1700.o(i.wr_dat_only)
    wr_dat_only                              0x00005129   Thumb Code    18  glcd_spi_lpc1700.o(i.wr_dat_only)
    i.wr_dat_start                           0x0000513c   Section        0  glcd_spi_lpc1700.o(i.wr_dat_start)
    wr_dat_start                             0x0000513d   Thumb Code    16  glcd_spi_lpc1700.o(i.wr_dat_start)
    i.wr_dat_stop                            0x00005150   Section        0  glcd_spi_lpc1700.o(i.wr_dat_stop)
    wr_dat_stop                              0x00005151   Thumb Code     8  glcd_spi_lpc1700.o(i.wr_dat_stop)
    i.wr_reg                                 0x0000515c   Section        0  glcd_spi_lpc1700.o(i.wr_reg)
    wr_reg                                   0x0000515d   Thumb Code    20  glcd_spi_lpc1700.o(i.wr_reg)
    .constdata                               0x00005170   Section       64  thread.o(.constdata)
    .constdata                               0x000051b0   Section    132303  gallery.o(.constdata)
    SELFIE_pixel_data                        0x000051b0   Data       44101  gallery.o(.constdata)
    BOARDPIC_pixel_data                      0x0000fdf5   Data       45001  gallery.o(.constdata)
    MYCODEPIC_pixel_data                     0x0001adbe   Data       43201  gallery.o(.constdata)
    .constdata                               0x00025680   Section     6272  glcd_spi_lpc1700.o(.constdata)
    .constdata                               0x00026f00   Section      228  usbdesc.o(.constdata)
    .constdata                               0x00026fe4   Section    121441  usbdmain.o(.constdata)
    MP3_SPLASH_pixel_data                    0x00026fe4   Data       121441  usbdmain.o(.constdata)
    .constdata                               0x00044a48   Section       16  usbhw.o(.constdata)
    .constdata                               0x00044a58   Section       64  usbuser.o(.constdata)
    .constdata                               0x00044a98   Section        2  adc_mcb1700.o(.constdata)
    .constdata                               0x00044a9c   Section      104  rtx_conf_cm.o(.constdata)
    __tagsym$$used                           0x00044ab8   Number         0  rtx_conf_cm.o(.constdata)
    __tagsym$$used                           0x00044abc   Number         0  rtx_conf_cm.o(.constdata)
    __tagsym$$used                           0x00044ac0   Number         0  rtx_conf_cm.o(.constdata)
    __tagsym$$used                           0x00044ac4   Number         0  rtx_conf_cm.o(.constdata)
    .conststring                             0x00044b04   Section       69  gallery.o(.conststring)
    .data                                    0x10000000   Section       16  irq.o(.data)
    ticks                                    0x10000004   Data           4  irq.o(.data)
    timetick                                 0x10000008   Data           4  irq.o(.data)
    leds                                     0x1000000c   Data           4  irq.o(.data)
    .data                                    0x10000010   Section       18  main.o(.data)
    AD_dbg                                   0x10000018   Data           2  main.o(.data)
    .data                                    0x10000022   Section        2  mainmenu.o(.data)
    .data                                    0x10000024   Section       17  thread.o(.data)
    .data                                    0x10000038   Section       16  gallery.o(.data)
    .data                                    0x10000048   Section       72  game.o(.data)
    .data                                    0x10000090   Section        5  glcd_spi_lpc1700.o(.data)
    Color                                    0x10000090   Data           4  glcd_spi_lpc1700.o(.data)
    Himax                                    0x10000094   Data           1  glcd_spi_lpc1700.o(.data)
    .data                                    0x10000096   Section        2  adcuser.o(.data)
    .data                                    0x10000098   Section       40  usbcore.o(.data)
    .data                                    0x100000c0   Section       32  usbdmain.o(.data)
    .data                                    0x100000e0   Section        8  usbhw.o(.data)
    .data                                    0x100000e8   Section        3  adc_mcb1700.o(.data)
    AD_last                                  0x100000e8   Data           2  adc_mcb1700.o(.data)
    AD_done                                  0x100000ea   Data           1  adc_mcb1700.o(.data)
    .data                                    0x100000ec   Section       16  rtx_conf_cm.o(.data)
    .data                                    0x100000fc   Section        4  system_lpc17xx.o(.data)
    .data                                    0x10000100   Section        8  rt_cmsis.o(.data)
    .data                                    0x10000108   Section        8  rt_task.o(.data)
    .data                                    0x10000110   Section        8  rt_system.o(.data)
    os_lock                                  0x10000110   Data           1  rt_system.o(.data)
    os_psh_flag                              0x10000111   Data           1  rt_system.o(.data)
    pend_flags                               0x10000112   Data           1  rt_system.o(.data)
    .data                                    0x10000118   Section        4  rt_time.o(.data)
    .data                                    0x1000011c   Section        1  hal_cm.o(.data)
    .data                                    0x10000120   Section        4  rand.o(.data)
    _rand_state                              0x10000120   Data           4  rand.o(.data)
    .bss                                     0x10000124   Section       20  main.o(.bss)
    .bss                                     0x10000138   Section      880  game.o(.bss)
    .bss                                     0x100004a8   Section       64  usbcore.o(.bss)
    .bss                                     0x100004e8   Section      128  usbhw.o(.bss)
    .bss                                     0x10000568   Section    15152  rtx_conf_cm.o(.bss)
    .bss                                     0x10004098   Section       52  rt_task.o(.bss)
    .bss                                     0x100040cc   Section       48  rt_list.o(.bss)
    STACK                                    0x10004100   Section      512  startup_lpc17xx.o(STACK)
    USB_RAM                                  0x10004300   Section      544  usbhw.o(USB_RAM)

    Global Symbols

    Symbol Name                              Value     Ov Type        Size  Object(Section)

    BuildAttributes$$THM_ISAv4$P$D$K$B$S$PE$A:L22UL41UL21$X:L11$S22US41US21$IEEE1$IW$USESV6$~STKCKD$USESV7$~SHL$OSPACE$ROPI$EBA8$MICROLIB$REQ8$PRES8$EABIv2 0x00000000   Number         0  anon$$obj.o ABSOLUTE
    __ARM_use_no_argv                        0x00000000   Number         0  main.o ABSOLUTE
    __Vectors                                0x00000000   Data           4  startup_lpc17xx.o(RESET)
    _printf_a                                0x00000000   Number         0  stubs.o ABSOLUTE
    _printf_c                                0x00000000   Number         0  stubs.o ABSOLUTE
    _printf_charcount                        0x00000000   Number         0  stubs.o ABSOLUTE
    _printf_d                                0x00000000   Number         0  stubs.o ABSOLUTE
    _printf_e                                0x00000000   Number         0  stubs.o ABSOLUTE
    _printf_f                                0x00000000   Number         0  stubs.o ABSOLUTE
    _printf_flags                            0x00000000   Number         0  stubs.o ABSOLUTE
    _printf_fp_dec                           0x00000000   Number         0  stubs.o ABSOLUTE
    _printf_fp_hex                           0x00000000   Number         0  stubs.o ABSOLUTE
    _printf_g                                0x00000000   Number         0  stubs.o ABSOLUTE
    _printf_i                                0x00000000   Number         0  stubs.o ABSOLUTE
    _printf_int_dec                          0x00000000   Number         0  stubs.o ABSOLUTE
    _printf_l                                0x00000000   Number         0  stubs.o ABSOLUTE
    _printf_lc                               0x00000000   Number         0  stubs.o ABSOLUTE
    _printf_ll                               0x00000000   Number         0  stubs.o ABSOLUTE
    _printf_lld                              0x00000000   Number         0  stubs.o ABSOLUTE
    _printf_lli                              0x00000000   Number         0  stubs.o ABSOLUTE
    _printf_llo                              0x00000000   Number         0  stubs.o ABSOLUTE
    _printf_llu                              0x00000000   Number         0  stubs.o ABSOLUTE
    _printf_llx                              0x00000000   Number         0  stubs.o ABSOLUTE
    _printf_longlong_dec                     0x00000000   Number         0  stubs.o ABSOLUTE
    _printf_longlong_hex                     0x00000000   Number         0  stubs.o ABSOLUTE
    _printf_longlong_oct                     0x00000000   Number         0  stubs.o ABSOLUTE
    _printf_ls                               0x00000000   Number         0  stubs.o ABSOLUTE
    _printf_mbtowc                           0x00000000   Number         0  stubs.o ABSOLUTE
    _printf_n                                0x00000000   Number         0  stubs.o ABSOLUTE
    _printf_o                                0x00000000   Number         0  stubs.o ABSOLUTE
    _printf_p                                0x00000000   Number         0  stubs.o ABSOLUTE
    _printf_percent                          0x00000000   Number         0  stubs.o ABSOLUTE
    _printf_pre_padding                      0x00000000   Number         0  stubs.o ABSOLUTE
    _printf_return_value                     0x00000000   Number         0  stubs.o ABSOLUTE
    _printf_s                                0x00000000   Number         0  stubs.o ABSOLUTE
    _printf_sizespec                         0x00000000   Number         0  stubs.o ABSOLUTE
    _printf_str                              0x00000000   Number         0  stubs.o ABSOLUTE
    _printf_truncate_signed                  0x00000000   Number         0  stubs.o ABSOLUTE
    _printf_truncate_unsigned                0x00000000   Number         0  stubs.o ABSOLUTE
    _printf_u                                0x00000000   Number         0  stubs.o ABSOLUTE
    _printf_wc                               0x00000000   Number         0  stubs.o ABSOLUTE
    _printf_wctomb                           0x00000000   Number         0  stubs.o ABSOLUTE
    _printf_widthprec                        0x00000000   Number         0  stubs.o ABSOLUTE
    _printf_x                                0x00000000   Number         0  stubs.o ABSOLUTE
    __cpp_initialize__aeabi_                  - Undefined Weak Reference
    __cxa_finalize                            - Undefined Weak Reference
    __decompress                              - Undefined Weak Reference
    _clock_init                               - Undefined Weak Reference
    _microlib_exit                            - Undefined Weak Reference
    __main                                   0x000000cd   Thumb Code     0  entry.o(.ARM.Collect$$$$00000000)
    _main_stk                                0x000000cd   Thumb Code     0  entry2.o(.ARM.Collect$$$$00000001)
    _main_scatterload                        0x000000d1   Thumb Code     0  entry5.o(.ARM.Collect$$$$00000004)
    __main_after_scatterload                 0x000000d5   Thumb Code     0  entry5.o(.ARM.Collect$$$$00000004)
    __rt_final_cpp                           0x000000d5   Thumb Code     0  entry10a.o(.ARM.Collect$$$$0000000D)
    __rt_final_exit                          0x000000d5   Thumb Code     0  entry11a.o(.ARM.Collect$$$$0000000F)
    _main_clock                              0x000000d5   Thumb Code     0  entry7b.o(.ARM.Collect$$$$00000008)
    _main_cpp_init                           0x000000d5   Thumb Code     0  entry8b.o(.ARM.Collect$$$$0000000A)
    _main_init                               0x000000d5   Thumb Code    18  rtx_conf_cm.o(.ARM.Collect$$$$000000FF)
    rt_set_PSP                               0x000000f1   Thumb Code     6  hal_cm3.o(.emb_text)
    rt_get_PSP                               0x000000f7   Thumb Code     6  hal_cm3.o(.emb_text)
    os_set_env                               0x000000fd   Thumb Code    24  hal_cm3.o(.emb_text)
    _alloc_box                               0x00000119   Thumb Code    28  hal_cm3.o(.emb_text)
    _free_box                                0x00000139   Thumb Code    28  hal_cm3.o(.emb_text)
    SVC_Handler                              0x00000159   Thumb Code   108  hal_cm3.o(.emb_text)
    PendSV_Handler                           0x000001d1   Thumb Code    56  hal_cm3.o(.emb_text)
    SysTick_Handler                          0x0000020d   Thumb Code     8  hal_cm3.o(.emb_text)
    OS_Tick_Handler                          0x00000215   Thumb Code    12  hal_cm3.o(.emb_text)
    Reset_Handler                            0x00000221   Thumb Code     8  startup_lpc17xx.o(.text)
    NMI_Handler                              0x00000229   Thumb Code     2  startup_lpc17xx.o(.text)
    HardFault_Handler                        0x0000022b   Thumb Code     2  startup_lpc17xx.o(.text)
    MemManage_Handler                        0x0000022d   Thumb Code     2  startup_lpc17xx.o(.text)
    BusFault_Handler                         0x0000022f   Thumb Code     2  startup_lpc17xx.o(.text)
    UsageFault_Handler                       0x00000231   Thumb Code     2  startup_lpc17xx.o(.text)
    DebugMon_Handler                         0x00000235   Thumb Code     2  startup_lpc17xx.o(.text)
    BOD_IRQHandler                           0x0000023b   Thumb Code     0  startup_lpc17xx.o(.text)
    CANActivity_IRQHandler                   0x0000023b   Thumb Code     0  startup_lpc17xx.o(.text)
    CAN_IRQHandler                           0x0000023b   Thumb Code     0  startup_lpc17xx.o(.text)
    DMA_IRQHandler                           0x0000023b   Thumb Code     0  startup_lpc17xx.o(.text)
    EINT0_IRQHandler                         0x0000023b   Thumb Code     0  startup_lpc17xx.o(.text)
    EINT1_IRQHandler                         0x0000023b   Thumb Code     0  startup_lpc17xx.o(.text)
    EINT2_IRQHandler                         0x0000023b   Thumb Code     0  startup_lpc17xx.o(.text)
    EINT3_IRQHandler                         0x0000023b   Thumb Code     0  startup_lpc17xx.o(.text)
    ENET_IRQHandler                          0x0000023b   Thumb Code     0  startup_lpc17xx.o(.text)
    I2C0_IRQHandler                          0x0000023b   Thumb Code     0  startup_lpc17xx.o(.text)
    I2C1_IRQHandler                          0x0000023b   Thumb Code     0  startup_lpc17xx.o(.text)
    I2C2_IRQHandler                          0x0000023b   Thumb Code     0  startup_lpc17xx.o(.text)
    I2S_IRQHandler                           0x0000023b   Thumb Code     0  startup_lpc17xx.o(.text)
    MCPWM_IRQHandler                         0x0000023b   Thumb Code     0  startup_lpc17xx.o(.text)
    PLL0_IRQHandler                          0x0000023b   Thumb Code     0  startup_lpc17xx.o(.text)
    PLL1_IRQHandler                          0x0000023b   Thumb Code     0  startup_lpc17xx.o(.text)
    PWM1_IRQHandler                          0x0000023b   Thumb Code     0  startup_lpc17xx.o(.text)
    QEI_IRQHandler                           0x0000023b   Thumb Code     0  startup_lpc17xx.o(.text)
    RIT_IRQHandler                           0x0000023b   Thumb Code     0  startup_lpc17xx.o(.text)
    RTC_IRQHandler                           0x0000023b   Thumb Code     0  startup_lpc17xx.o(.text)
    SPI_IRQHandler                           0x0000023b   Thumb Code     0  startup_lpc17xx.o(.text)
    SSP0_IRQHandler                          0x0000023b   Thumb Code     0  startup_lpc17xx.o(.text)
    SSP1_IRQHandler                          0x0000023b   Thumb Code     0  startup_lpc17xx.o(.text)
    TIMER1_IRQHandler                        0x0000023b   Thumb Code     0  startup_lpc17xx.o(.text)
    TIMER2_IRQHandler                        0x0000023b   Thumb Code     0  startup_lpc17xx.o(.text)
    TIMER3_IRQHandler                        0x0000023b   Thumb Code     0  startup_lpc17xx.o(.text)
    UART0_IRQHandler                         0x0000023b   Thumb Code     0  startup_lpc17xx.o(.text)
    UART1_IRQHandler                         0x0000023b   Thumb Code     0  startup_lpc17xx.o(.text)
    UART2_IRQHandler                         0x0000023b   Thumb Code     0  startup_lpc17xx.o(.text)
    UART3_IRQHandler                         0x0000023b   Thumb Code     0  startup_lpc17xx.o(.text)
    USBActivity_IRQHandler                   0x0000023b   Thumb Code     0  startup_lpc17xx.o(.text)
    WDT_IRQHandler                           0x0000023b   Thumb Code     0  startup_lpc17xx.o(.text)
    __aeabi_uldivmod                         0x00000245   Thumb Code    98  uldiv.o(.text)
    rand                                     0x000002a9   Thumb Code    20  rand.o(.text)
    srand                                    0x000002bd   Thumb Code     6  rand.o(.text)
    __aeabi_uidiv                            0x000002cd   Thumb Code     0  uidiv.o(.text)
    __aeabi_uidivmod                         0x000002cd   Thumb Code    44  uidiv.o(.text)
    SVC_Count                                0x000002f8   Data           4  svc_table.o(SVC_TABLE)
    SVC_Table                                0x000002fc   Data           0  svc_table.o(SVC_TABLE)
    __aeabi_llsl                             0x00000301   Thumb Code    30  llshl.o(.text)
    _ll_shift_l                              0x00000301   Thumb Code     0  llshl.o(.text)
    __aeabi_llsr                             0x0000031f   Thumb Code    32  llushr.o(.text)
    _ll_ushift_r                             0x0000031f   Thumb Code     0  llushr.o(.text)
    __scatterload                            0x00000341   Thumb Code    28  init.o(.text)
    __scatterload_rt2                        0x00000341   Thumb Code     0  init.o(.text)
    ADC_EP_GetRequest                        0x00000365   Thumb Code     4  adcuser.o(i.ADC_EP_GetRequest)
    ADC_EP_SetRequest                        0x00000369   Thumb Code     4  adcuser.o(i.ADC_EP_SetRequest)
    ADC_IF_GetRequest                        0x0000036d   Thumb Code   128  adcuser.o(i.ADC_IF_GetRequest)
    ADC_IF_SetRequest                        0x000003fd   Thumb Code    80  adcuser.o(i.ADC_IF_SetRequest)
    ADC_IRQHandler                           0x0000045d   Thumb Code    28  adc_mcb1700.o(i.ADC_IRQHandler)
    __RL_RTX_VER                             0x00000482   Number         0  rt_system.o ABSOLUTE
    ADC_Initialize                           0x00000485   Thumb Code    86  adc_mcb1700.o(i.ADC_Initialize)
    EPAdr                                    0x000004ed   Thumb Code    16  usbhw.o(i.EPAdr)
    GLCD_Bitmap                              0x000004fd   Thumb Code    82  glcd_spi_lpc1700.o(i.GLCD_Bitmap)
    GLCD_Clear                               0x0000054f   Thumb Code    42  glcd_spi_lpc1700.o(i.GLCD_Clear)
    GLCD_ClearLn                             0x00000579   Thumb Code    94  glcd_spi_lpc1700.o(i.GLCD_ClearLn)
    GLCD_DisplayChar                         0x000005d9   Thumb Code    84  glcd_spi_lpc1700.o(i.GLCD_DisplayChar)
    GLCD_DisplayString                       0x00000635   Thumb Code    40  glcd_spi_lpc1700.o(i.GLCD_DisplayString)
    GLCD_DrawChar                            0x0000065d   Thumb Code   150  glcd_spi_lpc1700.o(i.GLCD_DrawChar)
    GLCD_Init                                0x000006f9   Thumb Code  1506  glcd_spi_lpc1700.o(i.GLCD_Init)
    GLCD_SetBackColor                        0x00000ce1   Thumb Code     6  glcd_spi_lpc1700.o(i.GLCD_SetBackColor)
    GLCD_SetTextColor                        0x00000ced   Thumb Code     6  glcd_spi_lpc1700.o(i.GLCD_SetTextColor)
    GLCD_SetWindow                           0x00000cf9   Thumb Code   168  glcd_spi_lpc1700.o(i.GLCD_SetWindow)
    GLCD_WindowMax                           0x00000da5   Thumb Code    18  glcd_spi_lpc1700.o(i.GLCD_WindowMax)
    GalleryThread                            0x00000db9   Thumb Code   154  thread.o(i.GalleryThread)
    GameThread                               0x00000e5d   Thumb Code    58  thread.o(i.GameThread)
    Init_Thread                              0x00000e9d   Thumb Code    84  thread.o(i.Init_Thread)
    KBD_Init                                 0x00000f11   Thumb Code    42  kbd.o(i.KBD_Init)
    KBD_get                                  0x00000f4d   Thumb Code    12  kbd.o(i.KBD_get)
    LED_Init                                 0x00000f5d   Thumb Code    40  led.o(i.LED_Init)
    MP3PlayerThread                          0x00000f8d   Thumb Code    62  thread.o(i.MP3PlayerThread)
    MainMenuThread                           0x00000fd1   Thumb Code   274  thread.o(i.MainMenuThread)
    PIN_Configure                            0x000010f1   Thumb Code   246  pin_lpc17xx.o(i.PIN_Configure)
    RdCmdDat                                 0x000011ed   Thumb Code    38  usbhw.o(i.RdCmdDat)
    SystemCoreClockUpdate                    0x0000121d   Thumb Code   408  system_lpc17xx.o(i.SystemCoreClockUpdate)
    SystemInit                               0x000013c5   Thumb Code   302  system_lpc17xx.o(i.SystemInit)
    TIMER0_IRQHandler                        0x00001505   Thumb Code   226  usbdmain.o(i.TIMER0_IRQHandler)
    USB_ClrStallEP                           0x00001615   Thumb Code    26  usbhw.o(i.USB_ClrStallEP)
    USB_ConfigEP                             0x00001635   Thumb Code    68  usbhw.o(i.USB_ConfigEP)
    USB_Configure                            0x00001681   Thumb Code    60  usbhw.o(i.USB_Configure)
    USB_Connect                              0x000016c5   Thumb Code    28  usbhw.o(i.USB_Connect)
    USB_DMA_BufAdr                           0x000016e5   Thumb Code    30  usbhw.o(i.USB_DMA_BufAdr)
    USB_DMA_Enable                           0x00001709   Thumb Code    20  usbhw.o(i.USB_DMA_Enable)
    USB_DMA_Setup                            0x00001721   Thumb Code   248  usbhw.o(i.USB_DMA_Setup)
    USB_DataInStage                          0x0000182d   Thumb Code    52  usbcore.o(i.USB_DataInStage)
    USB_DataOutStage                         0x00001865   Thumb Code    34  usbcore.o(i.USB_DataOutStage)
    USB_DirCtrlEP                            0x0000188d   Thumb Code     2  usbhw.o(i.USB_DirCtrlEP)
    USB_DisableEP                            0x00001891   Thumb Code    26  usbhw.o(i.USB_DisableEP)
    USB_EnableEP                             0x000018b5   Thumb Code    26  usbhw.o(i.USB_EnableEP)
    USB_EndPoint0                            0x000018d5   Thumb Code   672  usbcore.o(i.USB_EndPoint0)
    USB_EndPoint3                            0x00001b85   Thumb Code   164  usbuser.o(i.USB_EndPoint3)
    USB_IRQHandler                           0x00001c3d   Thumb Code   518  usbhw.o(i.USB_IRQHandler)
    USB_Init                                 0x00001e59   Thumb Code   154  usbhw.o(i.USB_Init)
    USB_ReadEP                               0x00001f09   Thumb Code    94  usbhw.o(i.USB_ReadEP)
    USB_ReqGetConfiguration                  0x00001f75   Thumb Code    28  usbcore.o(i.USB_ReqGetConfiguration)
    USB_ReqGetDescriptor                     0x00001f9d   Thumb Code   164  usbcore.o(i.USB_ReqGetDescriptor)
    USB_ReqGetInterface                      0x00002055   Thumb Code    60  usbcore.o(i.USB_ReqGetInterface)
    USB_ReqGetStatus                         0x000020a5   Thumb Code   160  usbcore.o(i.USB_ReqGetStatus)
    USB_ReqSetAddress                        0x00002165   Thumb Code    34  usbcore.o(i.USB_ReqSetAddress)
    USB_ReqSetClrFeature                     0x00002191   Thumb Code   210  usbcore.o(i.USB_ReqSetClrFeature)
    USB_ReqSetConfiguration                  0x0000227d   Thumb Code   402  usbcore.o(i.USB_ReqSetConfiguration)
    USB_ReqSetInterface                      0x00002435   Thumb Code   278  usbcore.o(i.USB_ReqSetInterface)
    USB_Reset                                0x00002565   Thumb Code   172  usbhw.o(i.USB_Reset)
    USB_ResetCore                            0x00002629   Thumb Code    34  usbcore.o(i.USB_ResetCore)
    USB_ResetEP                              0x00002665   Thumb Code    26  usbhw.o(i.USB_ResetEP)
    USB_Reset_Event                          0x00002685   Thumb Code     8  usbuser.o(i.USB_Reset_Event)
    USB_Resume                               0x0000268d   Thumb Code     2  usbhw.o(i.USB_Resume)
    USB_SOF_Event                            0x0000268f   Thumb Code     2  usbuser.o(i.USB_SOF_Event)
    USB_SetAddress                           0x00002691   Thumb Code    42  usbhw.o(i.USB_SetAddress)
    USB_SetStallEP                           0x000026c1   Thumb Code    26  usbhw.o(i.USB_SetStallEP)
    USB_SetupStage                           0x000026e5   Thumb Code    12  usbcore.o(i.USB_SetupStage)
    USB_StatusInStage                        0x000026f5   Thumb Code    14  usbcore.o(i.USB_StatusInStage)
    USB_StatusOutStage                       0x00002705   Thumb Code    12  usbcore.o(i.USB_StatusOutStage)
    USB_Suspend                              0x00002715   Thumb Code     2  usbhw.o(i.USB_Suspend)
    USB_WakeUpCfg                            0x00002717   Thumb Code     2  usbhw.o(i.USB_WakeUpCfg)
    USB_WriteEP                              0x00002719   Thumb Code    70  usbhw.o(i.USB_WriteEP)
    WrCmd                                    0x0000276d   Thumb Code    30  usbhw.o(i.WrCmd)
    WrCmdDat                                 0x00002795   Thumb Code    58  usbhw.o(i.WrCmdDat)
    WrCmdEP                                  0x000027d9   Thumb Code    78  usbhw.o(i.WrCmdEP)
    __0printf$3                              0x00002831   Thumb Code    22  printf3.o(i.__0printf$3)
    __1printf$3                              0x00002831   Thumb Code     0  printf3.o(i.__0printf$3)
    __2printf                                0x00002831   Thumb Code     0  printf3.o(i.__0printf$3)
    __0sprintf$3                             0x00002851   Thumb Code    34  printf3.o(i.__0sprintf$3)
    __1sprintf$3                             0x00002851   Thumb Code     0  printf3.o(i.__0sprintf$3)
    __2sprintf                               0x00002851   Thumb Code     0  printf3.o(i.__0sprintf$3)
    __scatterload_copy                       0x00002879   Thumb Code    14  handlers.o(i.__scatterload_copy)
    __scatterload_null                       0x00002887   Thumb Code     2  handlers.o(i.__scatterload_null)
    __scatterload_zeroinit                   0x00002889   Thumb Code    14  handlers.o(i.__scatterload_zeroinit)
    _init_box                                0x00002897   Thumb Code    70  rt_membox.o(i._init_box)
    addbody                                  0x00002aa1   Thumb Code    46  game.o(i.addbody)
    check                                    0x00002add   Thumb Code   174  game.o(i.check)
    clearCursor                              0x00002ba5   Thumb Code   130  mainmenu.o(i.clearCursor)
    clearLCDForGallery                       0x00002c71   Thumb Code    78  gallery.o(i.clearLCDForGallery)
    clearsnake                               0x00002d29   Thumb Code    30  game.o(i.clearsnake)
    dbg_init                                 0x00002d51   Thumb Code    34  hal_cm.o(i.dbg_init)
    dbg_task_notify                          0x00002d81   Thumb Code    32  hal_cm.o(i.dbg_task_notify)
    dbg_task_switch                          0x00002da1   Thumb Code    16  hal_cm.o(i.dbg_task_switch)
    delay                                    0x00002db1   Thumb Code    26  thread.o(i.delay)
    direction                                0x00002dd9   Thumb Code   468  game.o(i.direction)
    displayMainMenu                          0x00002fcd   Thumb Code   184  mainmenu.o(i.displayMainMenu)
    displayPicture                           0x00003131   Thumb Code   106  gallery.o(i.displayPicture)
    food                                     0x000031ad   Thumb Code   104  game.o(i.food)
    fputc                                    0x00003225   Thumb Code    30  main.o(i.fputc)
    game                                     0x00003249   Thumb Code   642  game.o(i.game)
    gameDelay                                0x00003649   Thumb Code    14  game.o(i.gameDelay)
    get_button                               0x00003657   Thumb Code    20  kbd.o(i.get_button)
    get_potval                               0x0000366d   Thumb Code    58  usbdmain.o(i.get_potval)
    init_usb_screen                          0x000036b1   Thumb Code    28  usbdmain.o(i.init_usb_screen)
    initializeGallery                        0x000036d1   Thumb Code    22  gallery.o(i.initializeGallery)
    isrMessageGet                            0x000036ed   Thumb Code    42  rt_cmsis.o(i.isrMessageGet)
    isrMessagePut                            0x00003717   Thumb Code    44  rt_cmsis.o(i.isrMessagePut)
    isrSignalSet                             0x00003743   Thumb Code    36  rt_cmsis.o(i.isrSignalSet)
    isr_evt_set                              0x00003769   Thumb Code    34  rt_event.o(i.isr_evt_set)
    isr_mbx_receive                          0x00003791   Thumb Code    86  rt_mailbox.o(i.isr_mbx_receive)
    isr_mbx_send                             0x000037e7   Thumb Code    14  rt_mailbox.o(i.isr_mbx_send)
    main                                     0x000037f5   Thumb Code   156  main.o(i.main)
    osDelay                                  0x000038d1   Thumb Code    18  rt_cmsis.o(i.osDelay)
    osKernelInitialize                       0x000038e9   Thumb Code    30  rt_cmsis.o(i.osKernelInitialize)
    osKernelStart                            0x0000390d   Thumb Code    98  rt_cmsis.o(i.osKernelStart)
    osMessageGet                             0x00003979   Thumb Code    18  rt_cmsis.o(i.osMessageGet)
    osSignalSet                              0x00003991   Thumb Code    18  rt_cmsis.o(i.osSignalSet)
    osSignalWait                             0x000039a9   Thumb Code    18  rt_cmsis.o(i.osSignalWait)
    osThreadCreate                           0x000039c1   Thumb Code    36  rt_cmsis.o(i.osThreadCreate)
    osThreadExit                             0x000039ed   Thumb Code    14  rt_cmsis.o(i.osThreadExit)
    osThreadSetPriority                      0x00003a05   Thumb Code    18  rt_cmsis.o(i.osThreadSetPriority)
    osTimerCall                              0x00003a1d   Thumb Code     8  rt_cmsis.o(i.osTimerCall)
    osTimerThread                            0x00003a29   Thumb Code    38  rt_cmsis.o(i.osTimerThread)
    os_error                                 0x00003a55   Thumb Code    34  rtx_conf_cm.o(i.os_error)
    os_idle_demon                            0x00003a77   Thumb Code     4  rtx_conf_cm.o(i.os_idle_demon)
    os_tick_init                             0x00003a7d   Thumb Code    32  rt_system.o(i.os_tick_init)
    os_tick_irqack                           0x00003aa5   Thumb Code     2  rt_system.o(i.os_tick_irqack)
    rt_alloc_box                             0x00003b7d   Thumb Code    26  rt_membox.o(i.rt_alloc_box)
    rt_alloc_mem                             0x00003b97   Thumb Code    62  rt_memory.o(i.rt_alloc_mem)
    rt_block                                 0x00003bd5   Thumb Code    48  rt_task.o(i.rt_block)
    rt_chk_robin                             0x00003c0d   Thumb Code     2  rtx_conf_cm.o(i.rt_chk_robin)
    rt_dec_dly                               0x00003c11   Thumb Code   102  rt_list.o(i.rt_dec_dly)
    rt_dispatch                              0x00003c81   Thumb Code    60  rt_task.o(i.rt_dispatch)
    rt_dly_wait                              0x00003cc5   Thumb Code     6  rt_time.o(i.rt_dly_wait)
    rt_evt_psh                               0x00003ccd   Thumb Code    76  rt_event.o(i.rt_evt_psh)
    rt_evt_set                               0x00003d1d   Thumb Code    88  rt_event.o(i.rt_evt_set)
    rt_evt_wait                              0x00003d79   Thumb Code    56  rt_event.o(i.rt_evt_wait)
    rt_free_box                              0x00003db5   Thumb Code    44  rt_membox.o(i.rt_free_box)
    rt_free_mem                              0x00003de1   Thumb Code    40  rt_memory.o(i.rt_free_mem)
    rt_get_first                             0x00003e09   Thumb Code    40  rt_list.o(i.rt_get_first)
    rt_init_mem                              0x00003e81   Thumb Code    26  rt_memory.o(i.rt_init_mem)
    rt_init_robin                            0x00003e9b   Thumb Code     2  rtx_conf_cm.o(i.rt_init_robin)
    rt_init_stack                            0x00003e9d   Thumb Code   118  hal_cm.o(i.rt_init_stack)
    rt_mbx_check                             0x00003f1d   Thumb Code     8  rt_mailbox.o(i.rt_mbx_check)
    rt_mbx_init                              0x00003f25   Thumb Code    26  rt_mailbox.o(i.rt_mbx_init)
    rt_mbx_psh                               0x00003f41   Thumb Code   236  rt_mailbox.o(i.rt_mbx_psh)
    rt_mbx_wait                              0x00004031   Thumb Code   174  rt_mailbox.o(i.rt_mbx_wait)
    rt_pop_req                               0x00004129   Thumb Code   112  rt_system.o(i.rt_pop_req)
    rt_psh_req                               0x000041a5   Thumb Code    22  rt_system.o(i.rt_psh_req)
    rt_psq_enq                               0x000041c5   Thumb Code    88  rt_list.o(i.rt_psq_enq)
    rt_put_dly                               0x00004221   Thumb Code    68  rt_list.o(i.rt_put_dly)
    rt_put_prio                              0x00004269   Thumb Code    54  rt_list.o(i.rt_put_prio)
    rt_put_rdy_first                         0x000042a1   Thumb Code    14  rt_list.o(i.rt_put_rdy_first)
    rt_resort_prio                           0x000042b5   Thumb Code    46  rt_list.o(i.rt_resort_prio)
    rt_ret_val                               0x000042e9   Thumb Code     6  hal_cm.o(i.rt_ret_val)
    rt_ret_val2                              0x000042ef   Thumb Code     8  hal_cm.o(i.rt_ret_val2)
    rt_rmv_dly                               0x000042f7   Thumb Code    40  rt_list.o(i.rt_rmv_dly)
    rt_rmv_list                              0x00004321   Thumb Code    44  rt_list.o(i.rt_rmv_list)
    rt_sem_psh                               0x00004351   Thumb Code    48  rt_semaphore.o(i.rt_sem_psh)
    rt_stk_check                             0x00004385   Thumb Code    28  rt_system.o(i.rt_stk_check)
    rt_switch_req                            0x000043a9   Thumb Code    30  rt_task.o(i.rt_switch_req)
    rt_sys_init                              0x000043d1   Thumb Code   138  rt_task.o(i.rt_sys_init)
    rt_sys_start                             0x0000449d   Thumb Code   110  rt_task.o(i.rt_sys_start)
    rt_systick                               0x00004515   Thumb Code    50  rt_system.o(i.rt_systick)
    rt_tsk_create                            0x0000459d   Thumb Code   118  rt_task.o(i.rt_tsk_create)
    rt_tsk_delete                            0x00004625   Thumb Code   352  rt_task.o(i.rt_tsk_delete)
    rt_tsk_prio                              0x000047a1   Thumb Code   108  rt_task.o(i.rt_tsk_prio)
    rt_tsk_self                              0x0000481d   Thumb Code    12  rt_task.o(i.rt_tsk_self)
    selectCursor                             0x0000482d   Thumb Code   130  mainmenu.o(i.selectCursor)
    setbody                                  0x000048f9   Thumb Code   134  game.o(i.setbody)
    svcDelay                                 0x00004a35   Thumb Code    18  rt_cmsis.o(i.svcDelay)
    svcKernelInitialize                      0x00004a49   Thumb Code    80  rt_cmsis.o(i.svcKernelInitialize)
    svcKernelStart                           0x00004ab9   Thumb Code    62  rt_cmsis.o(i.svcKernelStart)
    svcMessageCreate                         0x00004b01   Thumb Code    36  rt_cmsis.o(i.svcMessageCreate)
    svcMessageGet                            0x00004b25   Thumb Code    58  rt_cmsis.o(i.svcMessageGet)
    svcSignalSet                             0x00004b5f   Thumb Code    36  rt_cmsis.o(i.svcSignalSet)
    svcSignalWait                            0x00004b85   Thumb Code    80  rt_cmsis.o(i.svcSignalWait)
    svcThreadCreate                          0x00004bd9   Thumb Code    96  rt_cmsis.o(i.svcThreadCreate)
    svcThreadGetId                           0x00004c45   Thumb Code    22  rt_cmsis.o(i.svcThreadGetId)
    svcThreadSetPriority                     0x00004c61   Thumb Code    46  rt_cmsis.o(i.svcThreadSetPriority)
    svcThreadTerminate                       0x00004c91   Thumb Code    50  rt_cmsis.o(i.svcThreadTerminate)
    svcTimerCall                             0x00004cc9   Thumb Code    24  rt_cmsis.o(i.svcTimerCall)
    sysTimerTick                             0x00004ce1   Thumb Code    84  rt_cmsis.o(i.sysTimerTick)
    updatebody                               0x00004d3d   Thumb Code   638  game.o(i.updatebody)
    usbAudio                                 0x00004fd5   Thumb Code   234  usbdmain.o(i.usbAudio)
    os_thread_def_MainMenuThread             0x00005170   Data          16  thread.o(.constdata)
    os_thread_def_GalleryThread              0x00005180   Data          16  thread.o(.constdata)
    os_thread_def_MP3PlayerThread            0x00005190   Data          16  thread.o(.constdata)
    os_thread_def_GameThread                 0x000051a0   Data          16  thread.o(.constdata)
    Font_6x8_h                               0x00025680   Data         896  glcd_spi_lpc1700.o(.constdata)
    Font_16x24_h                             0x00025a00   Data        5376  glcd_spi_lpc1700.o(.constdata)
    USB_DeviceDescriptor                     0x00026f00   Data          18  usbdesc.o(.constdata)
    USB_ConfigDescriptor                     0x00026f12   Data         110  usbdesc.o(.constdata)
    USB_StringDescriptor                     0x00026f80   Data         100  usbdesc.o(.constdata)
    DDAdr                                    0x00044a48   Data           8  usbhw.o(.constdata)
    DDSz                                     0x00044a50   Data           8  usbhw.o(.constdata)
    USB_P_EP                                 0x00044a58   Data          64  usbuser.o(.constdata)
    ADC_PIN                                  0x00044a98   Data           2  adc_mcb1700.o(.constdata)
    os_maxtaskrun                            0x00044a9c   Data           2  rtx_conf_cm.o(.constdata)
    os_stackinfo                             0x00044aa0   Data           4  rtx_conf_cm.o(.constdata)
    os_rrobin                                0x00044aa4   Data           4  rtx_conf_cm.o(.constdata)
    os_tickfreq                              0x00044aa8   Data           4  rtx_conf_cm.o(.constdata)
    os_tickus_i                              0x00044aac   Data           2  rtx_conf_cm.o(.constdata)
    os_tickus_f                              0x00044aae   Data           2  rtx_conf_cm.o(.constdata)
    os_trv                                   0x00044ab0   Data           4  rtx_conf_cm.o(.constdata)
    os_flags                                 0x00044ab4   Data           1  rtx_conf_cm.o(.constdata)
    CMSIS_RTOS_API_Version                   0x00044ab8   Data           4  rtx_conf_cm.o(.constdata)
    CMSIS_RTOS_RTX_Version                   0x00044abc   Data           4  rtx_conf_cm.o(.constdata)
    os_clockrate                             0x00044ac0   Data           4  rtx_conf_cm.o(.constdata)
    os_timernum                              0x00044ac4   Data           4  rtx_conf_cm.o(.constdata)
    mp_tcb_size                              0x00044ac8   Data           2  rtx_conf_cm.o(.constdata)
    mp_stk_size                              0x00044acc   Data           4  rtx_conf_cm.o(.constdata)
    os_stack_sz                              0x00044ad0   Data           4  rtx_conf_cm.o(.constdata)
    os_fifo_size                             0x00044ad4   Data           1  rtx_conf_cm.o(.constdata)
    os_thread_def_osTimerThread              0x00044ad8   Data          16  rtx_conf_cm.o(.constdata)
    os_messageQ_def_osTimerMessageQ          0x00044ae8   Data           8  rtx_conf_cm.o(.constdata)
    mp_tmr_size                              0x00044af0   Data           2  rtx_conf_cm.o(.constdata)
    os_thread_def_main                       0x00044af4   Data          16  rtx_conf_cm.o(.constdata)
    Region$$Table$$Base                      0x00044b4c   Number         0  anon$$obj.o(Region$$Table)
    Region$$Table$$Limit                     0x00044b6c   Number         0  anon$$obj.o(Region$$Table)
    clock_ms                                 0x10000000   Data           1  irq.o(.data)
    __stdout                                 0x10000010   Data           4  main.o(.data)
    __stdin                                  0x10000014   Data           4  main.o(.data)
    joyStick_dbg                             0x1000001c   Data           4  main.o(.data)
    ADC_last                                 0x10000020   Data           2  main.o(.data)
    currentSelection                         0x10000022   Data           1  mainmenu.o(.data)
    previousSelection                        0x10000023   Data           1  mainmenu.o(.data)
    mainMenuId                               0x10000024   Data           4  thread.o(.data)
    galleryThreadId                          0x10000028   Data           4  thread.o(.data)
    mp3PlayerThreadId                        0x1000002c   Data           4  thread.o(.data)
    gameThreadId                             0x10000030   Data           4  thread.o(.data)
    currentPic                               0x10000034   Data           1  thread.o(.data)
    gallery                                  0x10000038   Data           3  gallery.o(.data)
    picNames                                 0x1000003c   Data          12  gallery.o(.data)
    xpos                                     0x10000048   Data           4  game.o(.data)
    ypos                                     0x1000004c   Data           4  game.o(.data)
    size                                     0x10000050   Data           4  game.o(.data)
    direct                                   0x10000054   Data           4  game.o(.data)
    prev_direct                              0x10000058   Data           4  game.o(.data)
    joystick_val                             0x1000005c   Data           4  game.o(.data)
    joystick_prev_val                        0x10000060   Data           4  game.o(.data)
    delx                                     0x10000064   Data           4  game.o(.data)
    dely                                     0x10000068   Data           4  game.o(.data)
    speed                                    0x1000006c   Data           4  game.o(.data)
    xfood                                    0x10000070   Data           4  game.o(.data)
    yfood                                    0x10000074   Data           4  game.o(.data)
    tempx                                    0x10000078   Data           4  game.o(.data)
    tempy                                    0x1000007c   Data           4  game.o(.data)
    collision                                0x10000080   Data           4  game.o(.data)
    border                                   0x10000084   Data           4  game.o(.data)
    score                                    0x10000088   Data           4  game.o(.data)
    exit_game                                0x1000008c   Data           4  game.o(.data)
    VolCur                                   0x10000096   Data           2  adcuser.o(.data)
    USB_DeviceStatus                         0x10000098   Data           2  usbcore.o(.data)
    USB_DeviceAddress                        0x1000009a   Data           1  usbcore.o(.data)
    USB_Configuration                        0x1000009b   Data           1  usbcore.o(.data)
    USB_EndPointMask                         0x1000009c   Data           4  usbcore.o(.data)
    USB_EndPointHalt                         0x100000a0   Data           4  usbcore.o(.data)
    USB_EndPointStall                        0x100000a4   Data           4  usbcore.o(.data)
    USB_NumInterfaces                        0x100000a8   Data           1  usbcore.o(.data)
    USB_AltSetting                           0x100000a9   Data           4  usbcore.o(.data)
    EP0Data                                  0x100000b0   Data           8  usbcore.o(.data)
    SetupPacket                              0x100000b8   Data           8  usbcore.o(.data)
    Mute                                     0x100000c0   Data           1  usbdmain.o(.data)
    Volume                                   0x100000c4   Data           4  usbdmain.o(.data)
    InfoBuf                                  0x100000c8   Data           4  usbdmain.o(.data)
    DataBuf                                  0x100000cc   Data           4  usbdmain.o(.data)
    DataOut                                  0x100000d0   Data           2  usbdmain.o(.data)
    DataIn                                   0x100000d2   Data           2  usbdmain.o(.data)
    DataRun                                  0x100000d4   Data           1  usbdmain.o(.data)
    PotVal                                   0x100000d6   Data           2  usbdmain.o(.data)
    VUM                                      0x100000d8   Data           4  usbdmain.o(.data)
    Tick                                     0x100000dc   Data           4  usbdmain.o(.data)
    DDMemMap                                 0x100000e0   Data           8  usbhw.o(.data)
    osThreadId_osTimerThread                 0x100000ec   Data           4  rtx_conf_cm.o(.data)
    osMessageQId_osTimerMessageQ             0x100000f0   Data           4  rtx_conf_cm.o(.data)
    os_tmr                                   0x100000f4   Data           4  rtx_conf_cm.o(.data)
    m_tmr                                    0x100000f8   Data           4  rtx_conf_cm.o(.data)
    SystemCoreClock                          0x100000fc   Data           4  system_lpc17xx.o(.data)
    os_initialized                           0x10000100   Data           1  rt_cmsis.o(.data)
    os_running                               0x10000101   Data           1  rt_cmsis.o(.data)
    os_timer_head                            0x10000104   Data           4  rt_cmsis.o(.data)
    os_tsk                                   0x10000108   Data           8  rt_task.o(.data)
    os_tick_irqn                             0x10000114   Data           4  rt_system.o(.data)
    os_time                                  0x10000118   Data           4  rt_time.o(.data)
    dbg_msg                                  0x1000011c   Data           1  hal_cm.o(.data)
    text                                     0x10000124   Data          10  main.o(.bss)
    text_l                                   0x1000012e   Data          10  main.o(.bss)
    str                                      0x10000138   Data          20  game.o(.bss)
    str1                                     0x1000014c   Data          20  game.o(.bss)
    str2                                     0x10000160   Data          20  game.o(.bss)
    str3                                     0x10000174   Data          20  game.o(.bss)
    snake                                    0x10000188   Data         800  game.o(.bss)
    EP0Buf                                   0x100004a8   Data          64  usbcore.o(.bss)
    udca                                     0x100004e8   Data         128  usbhw.o(.bss)
    mp_tcb                                   0x10000568   Data         376  rtx_conf_cm.o(.bss)
    mp_stk                                   0x100006e0   Data       12304  rtx_conf_cm.o(.bss)
    os_stack_mem                             0x100036f0   Data        2280  rtx_conf_cm.o(.bss)
    os_fifo                                  0x10003fd8   Data         132  rtx_conf_cm.o(.bss)
    os_active_TCB                            0x1000405c   Data          28  rtx_conf_cm.o(.bss)
    os_messageQ_q_osTimerMessageQ            0x10004078   Data          32  rtx_conf_cm.o(.bss)
    os_idle_TCB                              0x10004098   Data          52  rt_task.o(.bss)
    os_rdy                                   0x100040cc   Data          24  rt_list.o(.bss)
    os_dly                                   0x100040e4   Data          24  rt_list.o(.bss)
    UDCA                                     0x10004300   Data         128  usbhw.o(USB_RAM)
    __initial_sp                             0x10004300   Data           0  startup_lpc17xx.o(STACK)
    DD_NISO_Mem                              0x10004380   Data         256  usbhw.o(USB_RAM)
    DD_ISO_Mem                               0x10004480   Data         160  usbhw.o(USB_RAM)



==============================================================================

Memory Map of the image

  Image Entry point : 0x000000cd

  Load Region LR_IROM1 (Base: 0x00000000, Size: 0x00044c90, Max: 0x00080000, ABSOLUTE)

    Execution Region ER_IROM1 (Exec base: 0x00000000, Load base: 0x00000000, Size: 0x00044b6c, Max: 0x00080000, ABSOLUTE)

    Exec Addr    Load Addr    Size         Type   Attr      Idx    E Section Name        Object

    0x00000000   0x00000000   0x000000cc   Data   RO         1606    RESET               startup_lpc17xx.o
    0x000000cc   0x000000cc   0x00000000   Code   RO         2861  * .ARM.Collect$$$$00000000  mc_w.l(entry.o)
    0x000000cc   0x000000cc   0x00000004   Code   RO         3135    .ARM.Collect$$$$00000001  mc_w.l(entry2.o)
    0x000000d0   0x000000d0   0x00000004   Code   RO         3138    .ARM.Collect$$$$00000004  mc_w.l(entry5.o)
    0x000000d4   0x000000d4   0x00000000   Code   RO         3140    .ARM.Collect$$$$00000008  mc_w.l(entry7b.o)
    0x000000d4   0x000000d4   0x00000000   Code   RO         3142    .ARM.Collect$$$$0000000A  mc_w.l(entry8b.o)
    0x000000d4   0x000000d4   0x00000000   Code   RO         3143    .ARM.Collect$$$$0000000D  mc_w.l(entry10a.o)
    0x000000d4   0x000000d4   0x00000000   Code   RO         3145    .ARM.Collect$$$$0000000F  mc_w.l(entry11a.o)
    0x000000d4   0x000000d4   0x00000018   Code   RO         1391    .ARM.Collect$$$$000000FF  rtx_conf_cm.o
    0x000000ec   0x000000ec   0x00000004   Code   RO         3136    .ARM.Collect$$$$00002712  mc_w.l(entry2.o)
    0x000000f0   0x000000f0   0x00000130   Code   RO         2848    .emb_text           RTX_CM3.lib(hal_cm3.o)
    0x00000220   0x00000220   0x00000024   Code   RO         1608    .text               startup_lpc17xx.o
    0x00000244   0x00000244   0x00000062   Code   RO         2869    .text               mc_w.l(uldiv.o)
    0x000002a6   0x000002a6   0x00000002   PAD
    0x000002a8   0x000002a8   0x00000024   Code   RO         2871    .text               mc_w.l(rand.o)
    0x000002cc   0x000002cc   0x0000002c   Code   RO         3147    .text               mc_w.l(uidiv.o)
    0x000002f8   0x000002f8   0x00000004   Code   RO         2858    SVC_TABLE           RTX_CM3.lib(svc_table.o)
    0x000002fc   0x000002fc   0x00000004   Code   RO         1607    .ARM.__at_0x02FC    startup_lpc17xx.o
    0x00000300   0x00000300   0x0000001e   Code   RO         3149    .text               mc_w.l(llshl.o)
    0x0000031e   0x0000031e   0x00000020   Code   RO         3151    .text               mc_w.l(llushr.o)
    0x0000033e   0x0000033e   0x00000002   PAD
    0x00000340   0x00000340   0x00000024   Code   RO         3164    .text               mc_w.l(init.o)
    0x00000364   0x00000364   0x00000004   Code   RO          703    i.ADC_EP_GetRequest  adcuser.o
    0x00000368   0x00000368   0x00000004   Code   RO          704    i.ADC_EP_SetRequest  adcuser.o
    0x0000036c   0x0000036c   0x00000090   Code   RO          705    i.ADC_IF_GetRequest  adcuser.o
    0x000003fc   0x000003fc   0x00000060   Code   RO          706    i.ADC_IF_SetRequest  adcuser.o
    0x0000045c   0x0000045c   0x00000028   Code   RO         1272    i.ADC_IRQHandler    adc_mcb1700.o
    0x00000484   0x00000484   0x00000068   Code   RO         1273    i.ADC_Initialize    adc_mcb1700.o
    0x000004ec   0x000004ec   0x00000010   Code   RO          936    i.EPAdr             usbhw.o
    0x000004fc   0x000004fc   0x00000052   Code   RO          404    i.GLCD_Bitmap       glcd_spi_lpc1700.o
    0x0000054e   0x0000054e   0x0000002a   Code   RO          405    i.GLCD_Clear        glcd_spi_lpc1700.o
    0x00000578   0x00000578   0x0000005e   Code   RO          406    i.GLCD_ClearLn      glcd_spi_lpc1700.o
    0x000005d6   0x000005d6   0x00000002   PAD
    0x000005d8   0x000005d8   0x0000005c   Code   RO          407    i.GLCD_DisplayChar  glcd_spi_lpc1700.o
    0x00000634   0x00000634   0x00000028   Code   RO          408    i.GLCD_DisplayString  glcd_spi_lpc1700.o
    0x0000065c   0x0000065c   0x0000009c   Code   RO          409    i.GLCD_DrawChar     glcd_spi_lpc1700.o
    0x000006f8   0x000006f8   0x000005e8   Code   RO          410    i.GLCD_Init         glcd_spi_lpc1700.o
    0x00000ce0   0x00000ce0   0x0000000c   Code   RO          413    i.GLCD_SetBackColor  glcd_spi_lpc1700.o
    0x00000cec   0x00000cec   0x0000000c   Code   RO          414    i.GLCD_SetTextColor  glcd_spi_lpc1700.o
    0x00000cf8   0x00000cf8   0x000000ac   Code   RO          415    i.GLCD_SetWindow    glcd_spi_lpc1700.o
    0x00000da4   0x00000da4   0x00000012   Code   RO          416    i.GLCD_WindowMax    glcd_spi_lpc1700.o
    0x00000db6   0x00000db6   0x00000002   PAD
    0x00000db8   0x00000db8   0x000000a4   Code   RO          172    i.GalleryThread     thread.o
    0x00000e5c   0x00000e5c   0x00000040   Code   RO          173    i.GameThread        thread.o
    0x00000e9c   0x00000e9c   0x00000074   Code   RO          174    i.Init_Thread       thread.o
    0x00000f10   0x00000f10   0x0000003c   Code   RO          634    i.KBD_Init          kbd.o
    0x00000f4c   0x00000f4c   0x00000010   Code   RO          635    i.KBD_get           kbd.o
    0x00000f5c   0x00000f5c   0x00000030   Code   RO          589    i.LED_Init          led.o
    0x00000f8c   0x00000f8c   0x00000044   Code   RO          175    i.MP3PlayerThread   thread.o
    0x00000fd0   0x00000fd0   0x00000120   Code   RO          176    i.MainMenuThread    thread.o
    0x000010f0   0x000010f0   0x000000fc   Code   RO         1571    i.PIN_Configure     pin_lpc17xx.o
    0x000011ec   0x000011ec   0x00000030   Code   RO          937    i.RdCmdDat          usbhw.o
    0x0000121c   0x0000121c   0x000001a8   Code   RO         1617    i.SystemCoreClockUpdate  system_lpc17xx.o
    0x000013c4   0x000013c4   0x00000140   Code   RO         1618    i.SystemInit        system_lpc17xx.o
    0x00001504   0x00001504   0x00000110   Code   RO          876    i.TIMER0_IRQHandler  usbdmain.o
    0x00001614   0x00001614   0x00000020   Code   RO          939    i.USB_ClrStallEP    usbhw.o
    0x00001634   0x00001634   0x0000004c   Code   RO          940    i.USB_ConfigEP      usbhw.o
    0x00001680   0x00001680   0x00000044   Code   RO          941    i.USB_Configure     usbhw.o
    0x000016c4   0x000016c4   0x00000020   Code   RO          942    i.USB_Connect       usbhw.o
    0x000016e4   0x000016e4   0x00000024   Code   RO          943    i.USB_DMA_BufAdr    usbhw.o
    0x00001708   0x00001708   0x00000018   Code   RO          946    i.USB_DMA_Enable    usbhw.o
    0x00001720   0x00001720   0x0000010c   Code   RO          947    i.USB_DMA_Setup     usbhw.o
    0x0000182c   0x0000182c   0x00000038   Code   RO          750    i.USB_DataInStage   usbcore.o
    0x00001864   0x00001864   0x00000028   Code   RO          751    i.USB_DataOutStage  usbcore.o
    0x0000188c   0x0000188c   0x00000002   Code   RO          949    i.USB_DirCtrlEP     usbhw.o
    0x0000188e   0x0000188e   0x00000002   PAD
    0x00001890   0x00001890   0x00000024   Code   RO          950    i.USB_DisableEP     usbhw.o
    0x000018b4   0x000018b4   0x00000020   Code   RO          951    i.USB_EnableEP      usbhw.o
    0x000018d4   0x000018d4   0x000002b0   Code   RO          752    i.USB_EndPoint0     usbcore.o
    0x00001b84   0x00001b84   0x000000b8   Code   RO         1160    i.USB_EndPoint3     usbuser.o
    0x00001c3c   0x00001c3c   0x0000021c   Code   RO          953    i.USB_IRQHandler    usbhw.o
    0x00001e58   0x00001e58   0x000000b0   Code   RO          954    i.USB_Init          usbhw.o
    0x00001f08   0x00001f08   0x0000006c   Code   RO          955    i.USB_ReadEP        usbhw.o
    0x00001f74   0x00001f74   0x00000028   Code   RO          753    i.USB_ReqGetConfiguration  usbcore.o
    0x00001f9c   0x00001f9c   0x000000b8   Code   RO          754    i.USB_ReqGetDescriptor  usbcore.o
    0x00002054   0x00002054   0x00000050   Code   RO          755    i.USB_ReqGetInterface  usbcore.o
    0x000020a4   0x000020a4   0x000000c0   Code   RO          756    i.USB_ReqGetStatus  usbcore.o
    0x00002164   0x00002164   0x0000002c   Code   RO          757    i.USB_ReqSetAddress  usbcore.o
    0x00002190   0x00002190   0x000000ec   Code   RO          758    i.USB_ReqSetClrFeature  usbcore.o
    0x0000227c   0x0000227c   0x000001b8   Code   RO          759    i.USB_ReqSetConfiguration  usbcore.o
    0x00002434   0x00002434   0x00000130   Code   RO          760    i.USB_ReqSetInterface  usbcore.o
    0x00002564   0x00002564   0x000000c4   Code   RO          956    i.USB_Reset         usbhw.o
    0x00002628   0x00002628   0x0000003c   Code   RO          761    i.USB_ResetCore     usbcore.o
    0x00002664   0x00002664   0x00000020   Code   RO          957    i.USB_ResetEP       usbhw.o
    0x00002684   0x00002684   0x00000008   Code   RO         1167    i.USB_Reset_Event   usbuser.o
    0x0000268c   0x0000268c   0x00000002   Code   RO          958    i.USB_Resume        usbhw.o
    0x0000268e   0x0000268e   0x00000002   Code   RO         1168    i.USB_SOF_Event     usbuser.o
    0x00002690   0x00002690   0x00000030   Code   RO          959    i.USB_SetAddress    usbhw.o
    0x000026c0   0x000026c0   0x00000024   Code   RO          960    i.USB_SetStallEP    usbhw.o
    0x000026e4   0x000026e4   0x00000010   Code   RO          762    i.USB_SetupStage    usbcore.o
    0x000026f4   0x000026f4   0x0000000e   Code   RO          763    i.USB_StatusInStage  usbcore.o
    0x00002702   0x00002702   0x00000002   PAD
    0x00002704   0x00002704   0x00000010   Code   RO          764    i.USB_StatusOutStage  usbcore.o
    0x00002714   0x00002714   0x00000002   Code   RO          961    i.USB_Suspend       usbhw.o
    0x00002716   0x00002716   0x00000002   Code   RO          963    i.USB_WakeUpCfg     usbhw.o
    0x00002718   0x00002718   0x00000054   Code   RO          964    i.USB_WriteEP       usbhw.o
    0x0000276c   0x0000276c   0x00000028   Code   RO          965    i.WrCmd             usbhw.o
    0x00002794   0x00002794   0x00000044   Code   RO          966    i.WrCmdDat          usbhw.o
    0x000027d8   0x000027d8   0x00000058   Code   RO          967    i.WrCmdEP           usbhw.o
    0x00002830   0x00002830   0x00000020   Code   RO         2963    i.__0printf$3       mc_w.l(printf3.o)
    0x00002850   0x00002850   0x00000028   Code   RO         2965    i.__0sprintf$3      mc_w.l(printf3.o)
    0x00002878   0x00002878   0x0000000e   Code   RO         3172    i.__scatterload_copy  mc_w.l(handlers.o)
    0x00002886   0x00002886   0x00000002   Code   RO         3173    i.__scatterload_null  mc_w.l(handlers.o)
    0x00002888   0x00002888   0x0000000e   Code   RO         3174    i.__scatterload_zeroinit  mc_w.l(handlers.o)
    0x00002896   0x00002896   0x00000046   Code   RO         2726    i._init_box         RTX_CM3.lib(rt_membox.o)
    0x000028dc   0x000028dc   0x000001b8   Code   RO         2970    i._printf_core      mc_w.l(printf3.o)
    0x00002a94   0x00002a94   0x0000000a   Code   RO         2972    i._sputc            mc_w.l(printf3.o)
    0x00002a9e   0x00002a9e   0x00000002   PAD
    0x00002aa0   0x00002aa0   0x0000003c   Code   RO          320    i.addbody           game.o
    0x00002adc   0x00002adc   0x000000c8   Code   RO          321    i.check             game.o
    0x00002ba4   0x00002ba4   0x000000cc   Code   RO          133    i.clearCursor       mainmenu.o
    0x00002c70   0x00002c70   0x000000b8   Code   RO          269    i.clearLCDForGallery  gallery.o
    0x00002d28   0x00002d28   0x00000028   Code   RO          322    i.clearsnake        game.o
    0x00002d50   0x00002d50   0x00000030   Code   RO         2779    i.dbg_init          RTX_CM3.lib(hal_cm.o)
    0x00002d80   0x00002d80   0x00000020   Code   RO         2780    i.dbg_task_notify   RTX_CM3.lib(hal_cm.o)
    0x00002da0   0x00002da0   0x00000010   Code   RO         2781    i.dbg_task_switch   RTX_CM3.lib(hal_cm.o)
    0x00002db0   0x00002db0   0x0000001a   Code   RO          177    i.delay             thread.o
    0x00002dca   0x00002dca   0x0000000e   Code   RO          419    i.delay             glcd_spi_lpc1700.o
    0x00002dd8   0x00002dd8   0x000001f4   Code   RO          323    i.direction         game.o
    0x00002fcc   0x00002fcc   0x00000164   Code   RO          134    i.displayMainMenu   mainmenu.o
    0x00003130   0x00003130   0x0000007c   Code   RO          270    i.displayPicture    gallery.o
    0x000031ac   0x000031ac   0x00000078   Code   RO          324    i.food              game.o
    0x00003224   0x00003224   0x00000024   Code   RO           70    i.fputc             main.o
    0x00003248   0x00003248   0x00000400   Code   RO          325    i.game              game.o
    0x00003648   0x00003648   0x0000000e   Code   RO          326    i.gameDelay         game.o
    0x00003656   0x00003656   0x00000014   Code   RO          636    i.get_button        kbd.o
    0x0000366a   0x0000366a   0x00000002   PAD
    0x0000366c   0x0000366c   0x00000044   Code   RO          877    i.get_potval        usbdmain.o
    0x000036b0   0x000036b0   0x00000020   Code   RO          878    i.init_usb_screen   usbdmain.o
    0x000036d0   0x000036d0   0x0000001c   Code   RO          271    i.initializeGallery  gallery.o
    0x000036ec   0x000036ec   0x0000002a   Code   RO         1653    i.isrMessageGet     RTX_CM3.lib(rt_cmsis.o)
    0x00003716   0x00003716   0x0000002c   Code   RO         1654    i.isrMessagePut     RTX_CM3.lib(rt_cmsis.o)
    0x00003742   0x00003742   0x00000024   Code   RO         1656    i.isrSignalSet      RTX_CM3.lib(rt_cmsis.o)
    0x00003766   0x00003766   0x00000002   PAD
    0x00003768   0x00003768   0x00000028   Code   RO         2450    i.isr_evt_set       RTX_CM3.lib(rt_event.o)
    0x00003790   0x00003790   0x00000056   Code   RO         2572    i.isr_mbx_receive   RTX_CM3.lib(rt_mailbox.o)
    0x000037e6   0x000037e6   0x0000000e   Code   RO         2573    i.isr_mbx_send      RTX_CM3.lib(rt_mailbox.o)
    0x000037f4   0x000037f4   0x000000dc   Code   RO           71    i.main              main.o
    0x000038d0   0x000038d0   0x00000018   Code   RO         1657    i.osDelay           RTX_CM3.lib(rt_cmsis.o)
    0x000038e8   0x000038e8   0x00000024   Code   RO         1658    i.osKernelInitialize  RTX_CM3.lib(rt_cmsis.o)
    0x0000390c   0x0000390c   0x0000006c   Code   RO         1660    i.osKernelStart     RTX_CM3.lib(rt_cmsis.o)
    0x00003978   0x00003978   0x00000018   Code   RO         1669    i.osMessageGet      RTX_CM3.lib(rt_cmsis.o)
    0x00003990   0x00003990   0x00000018   Code   RO         1684    i.osSignalSet       RTX_CM3.lib(rt_cmsis.o)
    0x000039a8   0x000039a8   0x00000018   Code   RO         1685    i.osSignalWait      RTX_CM3.lib(rt_cmsis.o)
    0x000039c0   0x000039c0   0x0000002c   Code   RO         1686    i.osThreadCreate    RTX_CM3.lib(rt_cmsis.o)
    0x000039ec   0x000039ec   0x00000018   Code   RO         1687    i.osThreadExit      RTX_CM3.lib(rt_cmsis.o)
    0x00003a04   0x00003a04   0x00000018   Code   RO         1690    i.osThreadSetPriority  RTX_CM3.lib(rt_cmsis.o)
    0x00003a1c   0x00003a1c   0x0000000c   Code   RO         1693    i.osTimerCall       RTX_CM3.lib(rt_cmsis.o)
    0x00003a28   0x00003a28   0x0000002c   Code   RO         1698    i.osTimerThread     RTX_CM3.lib(rt_cmsis.o)
    0x00003a54   0x00003a54   0x00000022   Code   RO         1392    i.os_error          rtx_conf_cm.o
    0x00003a76   0x00003a76   0x00000004   Code   RO         1393    i.os_idle_demon     rtx_conf_cm.o
    0x00003a7a   0x00003a7a   0x00000002   PAD
    0x00003a7c   0x00003a7c   0x00000028   Code   RO         2360    i.os_tick_init      RTX_CM3.lib(rt_system.o)
    0x00003aa4   0x00003aa4   0x00000002   Code   RO         2361    i.os_tick_irqack    RTX_CM3.lib(rt_system.o)
    0x00003aa6   0x00003aa6   0x00000002   PAD
    0x00003aa8   0x00003aa8   0x0000008c   Code   RO          420    i.rd_id_man         glcd_spi_lpc1700.o
    0x00003b34   0x00003b34   0x00000048   Code   RO          421    i.rd_reg            glcd_spi_lpc1700.o
    0x00003b7c   0x00003b7c   0x0000001a   Code   RO         2727    i.rt_alloc_box      RTX_CM3.lib(rt_membox.o)
    0x00003b96   0x00003b96   0x0000003e   Code   RO         2755    i.rt_alloc_mem      RTX_CM3.lib(rt_memory.o)
    0x00003bd4   0x00003bd4   0x00000038   Code   RO         2275    i.rt_block          RTX_CM3.lib(rt_task.o)
    0x00003c0c   0x00003c0c   0x00000002   Code   RO         1394    i.rt_chk_robin      rtx_conf_cm.o
    0x00003c0e   0x00003c0e   0x00000002   PAD
    0x00003c10   0x00003c10   0x00000070   Code   RO         2496    i.rt_dec_dly        RTX_CM3.lib(rt_list.o)
    0x00003c80   0x00003c80   0x00000044   Code   RO         2276    i.rt_dispatch       RTX_CM3.lib(rt_task.o)
    0x00003cc4   0x00003cc4   0x00000006   Code   RO         2662    i.rt_dly_wait       RTX_CM3.lib(rt_time.o)
    0x00003cca   0x00003cca   0x00000002   PAD
    0x00003ccc   0x00003ccc   0x00000050   Code   RO         2453    i.rt_evt_psh        RTX_CM3.lib(rt_event.o)
    0x00003d1c   0x00003d1c   0x0000005c   Code   RO         2454    i.rt_evt_set        RTX_CM3.lib(rt_event.o)
    0x00003d78   0x00003d78   0x0000003c   Code   RO         2455    i.rt_evt_wait       RTX_CM3.lib(rt_event.o)
    0x00003db4   0x00003db4   0x0000002c   Code   RO         2728    i.rt_free_box       RTX_CM3.lib(rt_membox.o)
    0x00003de0   0x00003de0   0x00000028   Code   RO         2756    i.rt_free_mem       RTX_CM3.lib(rt_memory.o)
    0x00003e08   0x00003e08   0x00000028   Code   RO         2497    i.rt_get_first      RTX_CM3.lib(rt_list.o)
    0x00003e30   0x00003e30   0x00000008   Code   RO         1703    i.rt_id2obj         RTX_CM3.lib(rt_cmsis.o)
    0x00003e38   0x00003e38   0x00000048   Code   RO         2277    i.rt_init_context   RTX_CM3.lib(rt_task.o)
    0x00003e80   0x00003e80   0x0000001a   Code   RO         2757    i.rt_init_mem       RTX_CM3.lib(rt_memory.o)
    0x00003e9a   0x00003e9a   0x00000002   Code   RO         1395    i.rt_init_robin     rtx_conf_cm.o
    0x00003e9c   0x00003e9c   0x00000080   Code   RO         2782    i.rt_init_stack     RTX_CM3.lib(hal_cm.o)
    0x00003f1c   0x00003f1c   0x00000008   Code   RO         2574    i.rt_mbx_check      RTX_CM3.lib(rt_mailbox.o)
    0x00003f24   0x00003f24   0x0000001a   Code   RO         2575    i.rt_mbx_init       RTX_CM3.lib(rt_mailbox.o)
    0x00003f3e   0x00003f3e   0x00000002   PAD
    0x00003f40   0x00003f40   0x000000f0   Code   RO         2576    i.rt_mbx_psh        RTX_CM3.lib(rt_mailbox.o)
    0x00004030   0x00004030   0x000000b4   Code   RO         2578    i.rt_mbx_wait       RTX_CM3.lib(rt_mailbox.o)
    0x000040e4   0x000040e4   0x00000044   Code   RO         1704    i.rt_ms2tick        RTX_CM3.lib(rt_cmsis.o)
    0x00004128   0x00004128   0x0000007c   Code   RO         2364    i.rt_pop_req        RTX_CM3.lib(rt_system.o)
    0x000041a4   0x000041a4   0x00000020   Code   RO         2365    i.rt_psh_req        RTX_CM3.lib(rt_system.o)
    0x000041c4   0x000041c4   0x0000005c   Code   RO         2499    i.rt_psq_enq        RTX_CM3.lib(rt_list.o)
    0x00004220   0x00004220   0x00000048   Code   RO         2500    i.rt_put_dly        RTX_CM3.lib(rt_list.o)
    0x00004268   0x00004268   0x00000036   Code   RO         2501    i.rt_put_prio       RTX_CM3.lib(rt_list.o)
    0x0000429e   0x0000429e   0x00000002   PAD
    0x000042a0   0x000042a0   0x00000014   Code   RO         2502    i.rt_put_rdy_first  RTX_CM3.lib(rt_list.o)
    0x000042b4   0x000042b4   0x00000034   Code   RO         2503    i.rt_resort_prio    RTX_CM3.lib(rt_list.o)
    0x000042e8   0x000042e8   0x00000006   Code   RO         2783    i.rt_ret_val        RTX_CM3.lib(hal_cm.o)
    0x000042ee   0x000042ee   0x00000008   Code   RO         2784    i.rt_ret_val2       RTX_CM3.lib(hal_cm.o)
    0x000042f6   0x000042f6   0x00000028   Code   RO         2504    i.rt_rmv_dly        RTX_CM3.lib(rt_list.o)
    0x0000431e   0x0000431e   0x00000002   PAD
    0x00004320   0x00004320   0x00000030   Code   RO         2505    i.rt_rmv_list       RTX_CM3.lib(rt_list.o)
    0x00004350   0x00004350   0x00000034   Code   RO         2623    i.rt_sem_psh        RTX_CM3.lib(rt_semaphore.o)
    0x00004384   0x00004384   0x00000024   Code   RO         2367    i.rt_stk_check      RTX_CM3.lib(rt_system.o)
    0x000043a8   0x000043a8   0x00000028   Code   RO         2278    i.rt_switch_req     RTX_CM3.lib(rt_task.o)
    0x000043d0   0x000043d0   0x000000cc   Code   RO         2279    i.rt_sys_init       RTX_CM3.lib(rt_task.o)
    0x0000449c   0x0000449c   0x00000078   Code   RO         2280    i.rt_sys_start      RTX_CM3.lib(rt_task.o)
    0x00004514   0x00004514   0x00000040   Code   RO         2369    i.rt_systick        RTX_CM3.lib(rt_system.o)
    0x00004554   0x00004554   0x00000012   Code   RO         1705    i.rt_tid2ptcb       RTX_CM3.lib(rt_cmsis.o)
    0x00004566   0x00004566   0x00000002   PAD
    0x00004568   0x00004568   0x00000034   Code   RO         1706    i.rt_timer_insert   RTX_CM3.lib(rt_cmsis.o)
    0x0000459c   0x0000459c   0x00000088   Code   RO         2281    i.rt_tsk_create     RTX_CM3.lib(rt_task.o)
    0x00004624   0x00004624   0x0000017c   Code   RO         2282    i.rt_tsk_delete     RTX_CM3.lib(rt_task.o)
    0x000047a0   0x000047a0   0x0000007c   Code   RO         2284    i.rt_tsk_prio       RTX_CM3.lib(rt_task.o)
    0x0000481c   0x0000481c   0x00000010   Code   RO         2285    i.rt_tsk_self       RTX_CM3.lib(rt_task.o)
    0x0000482c   0x0000482c   0x000000cc   Code   RO          135    i.selectCursor      mainmenu.o
    0x000048f8   0x000048f8   0x0000009c   Code   RO          327    i.setbody           game.o
    0x00004994   0x00004994   0x00000020   Code   RO          422    i.spi_tran          glcd_spi_lpc1700.o
    0x000049b4   0x000049b4   0x00000080   Code   RO          423    i.spi_tran_man      glcd_spi_lpc1700.o
    0x00004a34   0x00004a34   0x00000012   Code   RO         1708    i.svcDelay          RTX_CM3.lib(rt_cmsis.o)
    0x00004a46   0x00004a46   0x00000002   PAD
    0x00004a48   0x00004a48   0x00000070   Code   RO         1709    i.svcKernelInitialize  RTX_CM3.lib(rt_cmsis.o)
    0x00004ab8   0x00004ab8   0x00000048   Code   RO         1711    i.svcKernelStart    RTX_CM3.lib(rt_cmsis.o)
    0x00004b00   0x00004b00   0x00000024   Code   RO         1714    i.svcMessageCreate  RTX_CM3.lib(rt_cmsis.o)
    0x00004b24   0x00004b24   0x0000003a   Code   RO         1715    i.svcMessageGet     RTX_CM3.lib(rt_cmsis.o)
    0x00004b5e   0x00004b5e   0x00000024   Code   RO         1727    i.svcSignalSet      RTX_CM3.lib(rt_cmsis.o)
    0x00004b82   0x00004b82   0x00000002   PAD
    0x00004b84   0x00004b84   0x00000054   Code   RO         1728    i.svcSignalWait     RTX_CM3.lib(rt_cmsis.o)
    0x00004bd8   0x00004bd8   0x0000006c   Code   RO         1729    i.svcThreadCreate   RTX_CM3.lib(rt_cmsis.o)
    0x00004c44   0x00004c44   0x0000001c   Code   RO         1730    i.svcThreadGetId    RTX_CM3.lib(rt_cmsis.o)
    0x00004c60   0x00004c60   0x0000002e   Code   RO         1732    i.svcThreadSetPriority  RTX_CM3.lib(rt_cmsis.o)
    0x00004c8e   0x00004c8e   0x00000002   PAD
    0x00004c90   0x00004c90   0x00000038   Code   RO         1733    i.svcThreadTerminate  RTX_CM3.lib(rt_cmsis.o)
    0x00004cc8   0x00004cc8   0x00000018   Code   RO         1735    i.svcTimerCall      RTX_CM3.lib(rt_cmsis.o)
    0x00004ce0   0x00004ce0   0x0000005c   Code   RO         1744    i.sysTimerTick      RTX_CM3.lib(rt_cmsis.o)
    0x00004d3c   0x00004d3c   0x00000298   Code   RO          328    i.updatebody        game.o
    0x00004fd4   0x00004fd4   0x00000104   Code   RO          880    i.usbAudio          usbdmain.o
    0x000050d8   0x000050d8   0x00000028   Code   RO          424    i.wr_cmd            glcd_spi_lpc1700.o
    0x00005100   0x00005100   0x00000028   Code   RO          425    i.wr_dat            glcd_spi_lpc1700.o
    0x00005128   0x00005128   0x00000012   Code   RO          426    i.wr_dat_only       glcd_spi_lpc1700.o
    0x0000513a   0x0000513a   0x00000002   PAD
    0x0000513c   0x0000513c   0x00000014   Code   RO          427    i.wr_dat_start      glcd_spi_lpc1700.o
    0x00005150   0x00005150   0x0000000c   Code   RO          428    i.wr_dat_stop       glcd_spi_lpc1700.o
    0x0000515c   0x0000515c   0x00000014   Code   RO          429    i.wr_reg            glcd_spi_lpc1700.o
    0x00005170   0x00005170   0x00000040   Data   RO          178    .constdata          thread.o
    0x000051b0   0x000051b0   0x000204cf   Data   RO          272    .constdata          gallery.o
    0x0002567f   0x0002567f   0x00000001   PAD
    0x00025680   0x00025680   0x00001880   Data   RO          430    .constdata          glcd_spi_lpc1700.o
    0x00026f00   0x00026f00   0x000000e4   Data   RO          861    .constdata          usbdesc.o
    0x00026fe4   0x00026fe4   0x0001da61   Data   RO          881    .constdata          usbdmain.o
    0x00044a45   0x00044a45   0x00000003   PAD
    0x00044a48   0x00044a48   0x00000010   Data   RO          969    .constdata          usbhw.o
    0x00044a58   0x00044a58   0x00000040   Data   RO         1169    .constdata          usbuser.o
    0x00044a98   0x00044a98   0x00000002   Data   RO         1276    .constdata          adc_mcb1700.o
    0x00044a9a   0x00044a9a   0x00000002   PAD
    0x00044a9c   0x00044a9c   0x00000068   Data   RO         1397    .constdata          rtx_conf_cm.o
    0x00044b04   0x00044b04   0x00000045   Data   RO          273    .conststring        gallery.o
    0x00044b49   0x00044b49   0x00000003   PAD
    0x00044b4c   0x00044b4c   0x00000020   Data   RO         3170    Region$$Table       anon$$obj.o


    Execution Region RW_IRAM1 (Exec base: 0x10000000, Load base: 0x00044b6c, Size: 0x00004520, Max: 0x00008000, ABSOLUTE)

    Exec Addr    Load Addr    Size         Type   Attr      Idx    E Section Name        Object

    0x10000000   0x00044b6c   0x00000010   Data   RW            5    .data               irq.o
    0x10000010   0x00044b7c   0x00000012   Data   RW           73    .data               main.o
    0x10000022   0x00044b8e   0x00000002   Data   RW          136    .data               mainmenu.o
    0x10000024   0x00044b90   0x00000011   Data   RW          179    .data               thread.o
    0x10000035   0x00044ba1   0x00000003   PAD
    0x10000038   0x00044ba4   0x00000010   Data   RW          274    .data               gallery.o
    0x10000048   0x00044bb4   0x00000048   Data   RW          330    .data               game.o
    0x10000090   0x00044bfc   0x00000005   Data   RW          431    .data               glcd_spi_lpc1700.o
    0x10000095   0x00044c01   0x00000001   PAD
    0x10000096   0x00044c02   0x00000002   Data   RW          708    .data               adcuser.o
    0x10000098   0x00044c04   0x00000028   Data   RW          766    .data               usbcore.o
    0x100000c0   0x00044c2c   0x00000020   Data   RW          882    .data               usbdmain.o
    0x100000e0   0x00044c4c   0x00000008   Data   RW          970    .data               usbhw.o
    0x100000e8   0x00044c54   0x00000003   Data   RW         1277    .data               adc_mcb1700.o
    0x100000eb   0x00044c57   0x00000001   PAD
    0x100000ec   0x00044c58   0x00000010   Data   RW         1398    .data               rtx_conf_cm.o
    0x100000fc   0x00044c68   0x00000004   Data   RW         1619    .data               system_lpc17xx.o
    0x10000100   0x00044c6c   0x00000008   Data   RW         1747    .data               RTX_CM3.lib(rt_cmsis.o)
    0x10000108   0x00044c74   0x00000008   Data   RW         2287    .data               RTX_CM3.lib(rt_task.o)
    0x10000110   0x00044c7c   0x00000008   Data   RW         2372    .data               RTX_CM3.lib(rt_system.o)
    0x10000118   0x00044c84   0x00000004   Data   RW         2666    .data               RTX_CM3.lib(rt_time.o)
    0x1000011c   0x00044c88   0x00000001   Data   RW         2785    .data               RTX_CM3.lib(hal_cm.o)
    0x1000011d   0x00044c89   0x00000003   PAD
    0x10000120   0x00044c8c   0x00000004   Data   RW         2872    .data               mc_w.l(rand.o)
    0x10000124        -       0x00000014   Zero   RW           72    .bss                main.o
    0x10000138        -       0x00000370   Zero   RW          329    .bss                game.o
    0x100004a8        -       0x00000040   Zero   RW          765    .bss                usbcore.o
    0x100004e8        -       0x00000080   Zero   RW          968    .bss                usbhw.o
    0x10000568        -       0x00003b30   Zero   RW         1396    .bss                rtx_conf_cm.o
    0x10004098        -       0x00000034   Zero   RW         2286    .bss                RTX_CM3.lib(rt_task.o)
    0x100040cc        -       0x00000030   Zero   RW         2506    .bss                RTX_CM3.lib(rt_list.o)
    0x100040fc   0x00044c90   0x00000004   PAD
    0x10004100        -       0x00000200   Zero   RW         1604    STACK               startup_lpc17xx.o
    0x10004300        -       0x00000220   Zero   RW          971    USB_RAM             usbhw.o


==============================================================================

Image component sizes


      Code (inc. data)   RO Data    RW Data    ZI Data      Debug   Object Name

       144         30          2          3          0      46483   adc_mcb1700.o
       248         32          0          2          0       2570   adcuser.o
       336        130     132372         16          0       3430   gallery.o
      2778        528          0         72        880       6913   game.o
      2768         94       6272          5          0      15290   glcd_spi_lpc1700.o
         0          0          0         16          0      20622   irq.o
        96         22          0          0          0       1278   kbd.o
        48          8          0          0          0        395   led.o
       256         70          0         18         20       7747   main.o
       764        320          0          2          0       1896   mainmenu.o
         0          0          0          0          0        412   mp3_player.o
       252          6          0          0          0        844   pin_lpc17xx.o
        66          6        104         16      15152       8723   rtx_conf_cm.o
        40         12        204          0        512       1044   startup_lpc17xx.o
       744         34          0          4          0       1435   system_lpc17xx.o
       726         68         64         17          0      10497   thread.o
      2410        264          0         40         64      10703   usbcore.o
         0          0        228          0          0        697   usbdesc.o
       632         86     121441         32          0      29794   usbdmain.o
      2092        230         16          8        672      14796   usbhw.o
       194         20         64          0          0       2049   usbuser.o

    ----------------------------------------------------------------------
     14610       1960     260808        256      17300     187618   Object Totals
         0          0         32          0          0          0   (incl. Generated)
        16          0          9          5          0          0   (incl. Padding)

    ----------------------------------------------------------------------

      Code (inc. data)   RO Data    RW Data    ZI Data      Debug   Library Member Name

       238         24          0          1          0       3244   hal_cm.o
       304         36          0          0          0        756   hal_cm3.o
      1426        166          0          8          0      37947   rt_cmsis.o
       272         18          0          0          0       2606   rt_event.o
       530         34          0          0         48       8157   rt_list.o
       554         10          0          0          0       3889   rt_mailbox.o
       140          0          0          0          0       1889   rt_membox.o
       128          0          0          0          0       2267   rt_memory.o
        52          4          0          0          0        565   rt_semaphore.o
       298         52          0          8          0       6139   rt_system.o
      1216        174          0          8         52       9537   rt_task.o
         6          0          0          4          0        636   rt_time.o
         4          4          0          0          0        196   svc_table.o
         0          0          0          0          0          0   entry.o
         0          0          0          0          0          0   entry10a.o
         0          0          0          0          0          0   entry11a.o
         8          4          0          0          0          0   entry2.o
         4          0          0          0          0          0   entry5.o
         0          0          0          0          0          0   entry7b.o
         0          0          0          0          0          0   entry8b.o
        30          0          0          0          0          0   handlers.o
        36          8          0          0          0         68   init.o
        30          0          0          0          0         68   llshl.o
        32          0          0          0          0         68   llushr.o
       522         20          0          0          0        336   printf3.o
        36         10          0          4          0        136   rand.o
        44          0          0          0          0         80   uidiv.o
        98          0          0          0          0         92   uldiv.o

    ----------------------------------------------------------------------
      6034        564          0         36        104      78676   Library Totals
        26          0          0          3          4          0   (incl. Padding)

    ----------------------------------------------------------------------

      Code (inc. data)   RO Data    RW Data    ZI Data      Debug   Library Name

      5168        522          0         29        100      77828   RTX_CM3.lib
       840         42          0          4          0        848   mc_w.l

    ----------------------------------------------------------------------
      6034        564          0         36        104      78676   Library Totals

    ----------------------------------------------------------------------

==============================================================================


      Code (inc. data)   RO Data    RW Data    ZI Data      Debug   

     20644       2524     260808        292      17404     256514   Grand Totals
     20644       2524     260808        292      17404     256514   ELF Image Totals
     20644       2524     260808        292          0          0   ROM Totals

==============================================================================

    Total RO  Size (Code + RO Data)               281452 ( 274.86kB)
    Total RW  Size (RW Data + ZI Data)             17696 (  17.28kB)
    Total ROM Size (Code + RO Data + RW Data)     281744 ( 275.14kB)

==============================================================================

